Archive member included to satisfy reference by file (symbol)

/usr/bin/../lib/gcc/arm-none-eabi/5.2.1/../../../../arm-none-eabi/lib/armv7e-m/libc.a(lib_a-printf.o)
                              /tmp/ccPXehXn.o (printf)
/usr/bin/../lib/gcc/arm-none-eabi/5.2.1/../../../../arm-none-eabi/lib/armv7e-m/libc.a(lib_a-vfprintf.o)
                              /usr/bin/../lib/gcc/arm-none-eabi/5.2.1/../../../../arm-none-eabi/lib/armv7e-m/libc.a(lib_a-printf.o) (_vfprintf_r)
/usr/bin/../lib/gcc/arm-none-eabi/5.2.1/../../../../arm-none-eabi/lib/armv7e-m/libc.a(lib_a-wsetup.o)
                              /usr/bin/../lib/gcc/arm-none-eabi/5.2.1/../../../../arm-none-eabi/lib/armv7e-m/libc.a(lib_a-vfprintf.o) (__swsetup_r)
/usr/bin/../lib/gcc/arm-none-eabi/5.2.1/../../../../arm-none-eabi/lib/armv7e-m/libc.a(lib_a-dtoa.o)
                              /usr/bin/../lib/gcc/arm-none-eabi/5.2.1/../../../../arm-none-eabi/lib/armv7e-m/libc.a(lib_a-vfprintf.o) (_dtoa_r)
/usr/bin/../lib/gcc/arm-none-eabi/5.2.1/../../../../arm-none-eabi/lib/armv7e-m/libc.a(lib_a-fflush.o)
                              /usr/bin/../lib/gcc/arm-none-eabi/5.2.1/../../../../arm-none-eabi/lib/armv7e-m/libc.a(lib_a-vfprintf.o) (_fflush_r)
/usr/bin/../lib/gcc/arm-none-eabi/5.2.1/../../../../arm-none-eabi/lib/armv7e-m/libc.a(lib_a-findfp.o)
                              /usr/bin/../lib/gcc/arm-none-eabi/5.2.1/../../../../arm-none-eabi/lib/armv7e-m/libc.a(lib_a-vfprintf.o) (__sinit)
/usr/bin/../lib/gcc/arm-none-eabi/5.2.1/../../../../arm-none-eabi/lib/armv7e-m/libc.a(lib_a-freer.o)
                              /usr/bin/../lib/gcc/arm-none-eabi/5.2.1/../../../../arm-none-eabi/lib/armv7e-m/libc.a(lib_a-wsetup.o) (_free_r)
/usr/bin/../lib/gcc/arm-none-eabi/5.2.1/../../../../arm-none-eabi/lib/armv7e-m/libc.a(lib_a-fwalk.o)
                              /usr/bin/../lib/gcc/arm-none-eabi/5.2.1/../../../../arm-none-eabi/lib/armv7e-m/libc.a(lib_a-findfp.o) (_fwalk)
/usr/bin/../lib/gcc/arm-none-eabi/5.2.1/../../../../arm-none-eabi/lib/armv7e-m/libc.a(lib_a-impure.o)
                              /usr/bin/../lib/gcc/arm-none-eabi/5.2.1/../../../../arm-none-eabi/lib/armv7e-m/libc.a(lib_a-fflush.o) (_global_impure_ptr)
/usr/bin/../lib/gcc/arm-none-eabi/5.2.1/../../../../arm-none-eabi/lib/armv7e-m/libc.a(lib_a-locale.o)
                              /usr/bin/../lib/gcc/arm-none-eabi/5.2.1/../../../../arm-none-eabi/lib/armv7e-m/libc.a(lib_a-vfprintf.o) (_localeconv_r)
/usr/bin/../lib/gcc/arm-none-eabi/5.2.1/../../../../arm-none-eabi/lib/armv7e-m/libc.a(lib_a-makebuf.o)
                              /usr/bin/../lib/gcc/arm-none-eabi/5.2.1/../../../../arm-none-eabi/lib/armv7e-m/libc.a(lib_a-wsetup.o) (__smakebuf_r)
/usr/bin/../lib/gcc/arm-none-eabi/5.2.1/../../../../arm-none-eabi/lib/armv7e-m/libc.a(lib_a-mallocr.o)
                              /usr/bin/../lib/gcc/arm-none-eabi/5.2.1/../../../../arm-none-eabi/lib/armv7e-m/libc.a(lib_a-findfp.o) (_malloc_r)
/usr/bin/../lib/gcc/arm-none-eabi/5.2.1/../../../../arm-none-eabi/lib/armv7e-m/libc.a(lib_a-memchr.o)
                              /usr/bin/../lib/gcc/arm-none-eabi/5.2.1/../../../../arm-none-eabi/lib/armv7e-m/libc.a(lib_a-vfprintf.o) (memchr)
/usr/bin/../lib/gcc/arm-none-eabi/5.2.1/../../../../arm-none-eabi/lib/armv7e-m/libc.a(lib_a-memcpy.o)
                              /usr/bin/../lib/gcc/arm-none-eabi/5.2.1/../../../../arm-none-eabi/lib/armv7e-m/libc.a(lib_a-dtoa.o) (memcpy)
/usr/bin/../lib/gcc/arm-none-eabi/5.2.1/../../../../arm-none-eabi/lib/armv7e-m/libc.a(lib_a-memset.o)
                              /usr/bin/../lib/gcc/arm-none-eabi/5.2.1/../../../../arm-none-eabi/lib/armv7e-m/libc.a(lib_a-findfp.o) (memset)
/usr/bin/../lib/gcc/arm-none-eabi/5.2.1/../../../../arm-none-eabi/lib/armv7e-m/libc.a(lib_a-mlock.o)
                              /usr/bin/../lib/gcc/arm-none-eabi/5.2.1/../../../../arm-none-eabi/lib/armv7e-m/libc.a(lib_a-freer.o) (__malloc_lock)
/usr/bin/../lib/gcc/arm-none-eabi/5.2.1/../../../../arm-none-eabi/lib/armv7e-m/libc.a(lib_a-mprec.o)
                              /usr/bin/../lib/gcc/arm-none-eabi/5.2.1/../../../../arm-none-eabi/lib/armv7e-m/libc.a(lib_a-dtoa.o) (_Balloc)
/usr/bin/../lib/gcc/arm-none-eabi/5.2.1/../../../../arm-none-eabi/lib/armv7e-m/libc.a(lib_a-s_fpclassify.o)
                              /usr/bin/../lib/gcc/arm-none-eabi/5.2.1/../../../../arm-none-eabi/lib/armv7e-m/libc.a(lib_a-vfprintf.o) (__fpclassifyd)
/usr/bin/../lib/gcc/arm-none-eabi/5.2.1/../../../../arm-none-eabi/lib/armv7e-m/libc.a(lib_a-sbrkr.o)
                              /usr/bin/../lib/gcc/arm-none-eabi/5.2.1/../../../../arm-none-eabi/lib/armv7e-m/libc.a(lib_a-freer.o) (_sbrk_r)
/usr/bin/../lib/gcc/arm-none-eabi/5.2.1/../../../../arm-none-eabi/lib/armv7e-m/libc.a(lib_a-stdio.o)
                              /usr/bin/../lib/gcc/arm-none-eabi/5.2.1/../../../../arm-none-eabi/lib/armv7e-m/libc.a(lib_a-findfp.o) (__sread)
[...]
Memory Configuration

Name             Origin             Length             Attributes
FLASH            0x0000000008000000 0x0000000000100000 xr
RAM              0x0000000020000000 0x0000000000050000 xrw
*default*        0x0000000000000000 0xffffffffffffffff

Linker script and memory map

LOAD /tmp/cc10fym6.o
LOAD /tmp/cc7w2OUe.o
LOAD /tmp/ccPXehXn.o
LOAD /tmp/ccB1bu2w.o
LOAD /tmp/ccOZB8uG.o
START GROUP
LOAD /usr/bin/../lib/gcc/arm-none-eabi/5.2.1/armv7e-m/libgcc.a
LOAD /usr/bin/../lib/gcc/arm-none-eabi/5.2.1/../../../../arm-none-eabi/lib/armv7e-m/libc.a
LOAD /usr/bin/../lib/gcc/arm-none-eabi/5.2.1/../../../../arm-none-eabi/lib/armv7e-m/libg.a
LOAD ./Build/libstm32f7.a
END GROUP
START GROUP
LOAD /usr/bin/../lib/gcc/arm-none-eabi/5.2.1/armv7e-m/libgcc.a
LOAD /usr/bin/../lib/gcc/arm-none-eabi/5.2.1/../../../../arm-none-eabi/lib/armv7e-m/libg.a
LOAD /usr/bin/../lib/gcc/arm-none-eabi/5.2.1/../../../../arm-none-eabi/lib/armv7e-m/libc.a
END GROUP
                0x000000002004ffff                _estack = 0x2004ffff
                0x0000000000000200                _Min_Heap_Size = 0x200
                0x0000000000000400                _Min_Stack_Size = 0x400

.isr_vector     0x0000000008000000      0x1c8
                0x0000000008000000                . = ALIGN (0x4)
 *(.isr_vector)
 .isr_vector    0x0000000008000000      0x1c8 /tmp/ccB1bu2w.o
                0x0000000008000000                g_pfnVectors
                0x00000000080001c8                . = ALIGN (0x4)

.text           0x0000000008000200     0x8104
                0x0000000008000200                . = ALIGN (0x4)
 *(.text)
 .text          0x0000000008000200       0xa0 /usr/bin/../lib/gcc/arm-none-eabi/5.2.1/../../../../arm-none-eabi/lib/armv7e-m/libc.a(lib_a-memchr.o)
                0x0000000008000200                memchr
 .text          0x00000000080002a0      0x134 /usr/bin/../lib/gcc/arm-none-eabi/5.2.1/../../../../arm-none-eabi/lib/armv7e-m/libc.a(lib_a-memcpy.o)
                0x00000000080002a0                memcpy
 *fill*         0x00000000080003d4       0x2c 
 .text          0x0000000008000400       0xdc /usr/bin/../lib/gcc/arm-none-eabi/5.2.1/../../../../arm-none-eabi/lib/armv7e-m/libc.a(lib_a-strlen.o)
                0x0000000008000400                strlen
 .text          0x00000000080004dc      0x370 /usr/bin/../lib/gcc/arm-none-eabi/5.2.1/armv7e-m/libgcc.a(_arm_addsubdf3.o)
                0x00000000080004dc                __aeabi_drsub
                0x00000000080004e4                __aeabi_dsub
                0x00000000080004e4                __subdf3
                0x00000000080004e8                __adddf3
                0x00000000080004e8                __aeabi_dadd
                0x0000000008000760                __aeabi_ui2d
                0x0000000008000760                __floatunsidf
                0x0000000008000780                __floatsidf
                0x0000000008000780                __aeabi_i2d
                0x00000000080007a4                __extendsfdf2
                0x00000000080007a4                __aeabi_f2d
                0x00000000080007e0                __aeabi_ul2d
                0x00000000080007e0                __floatundidf
                0x00000000080007f0                __floatdidf
                0x00000000080007f0                __aeabi_l2d
 .text          0x000000000800084c      0x424 /usr/bin/../lib/gcc/arm-none-eabi/5.2.1/armv7e-m/libgcc.a(_arm_muldivdf3.o)
                0x000000000800084c                __aeabi_dmul
                0x000000000800084c                __muldf3
                0x0000000008000aa0                __aeabi_ddiv
                0x0000000008000aa0                __divdf3
 .text          0x0000000008000c70      0x110 /usr/bin/../lib/gcc/arm-none-eabi/5.2.1/armv7e-m/libgcc.a(_arm_cmpdf2.o)
                0x0000000008000c70                __gtdf2
                0x0000000008000c70                __gedf2
                0x0000000008000c78                __ltdf2
                0x0000000008000c78                __ledf2
                0x0000000008000c80                __cmpdf2
                0x0000000008000c80                __eqdf2
                0x0000000008000c80                __nedf2
                0x0000000008000cfc                __aeabi_cdrcmple
                0x0000000008000d0c                __aeabi_cdcmple
                0x0000000008000d0c                __aeabi_cdcmpeq
                0x0000000008000d1c                __aeabi_dcmpeq
                0x0000000008000d30                __aeabi_dcmplt
                0x0000000008000d44                __aeabi_dcmple
                0x0000000008000d58                __aeabi_dcmpge
                0x0000000008000d6c                __aeabi_dcmpgt
 .text          0x0000000008000d80       0x50 /usr/bin/../lib/gcc/arm-none-eabi/5.2.1/armv7e-m/libgcc.a(_arm_fixdfsi.o)
                0x0000000008000d80                __fixdfsi
                0x0000000008000d80                __aeabi_d2iz
 .text          0x0000000008000dd0       0x30 /usr/bin/../lib/gcc/arm-none-eabi/5.2.1/armv7e-m/libgcc.a(_aeabi_uldivmod.o)
                0x0000000008000dd0                __aeabi_uldivmod
 .text          0x0000000008000e00      0x2e4 /usr/bin/../lib/gcc/arm-none-eabi/5.2.1/armv7e-m/libgcc.a(_udivmoddi4.o)
                0x0000000008000e00                __udivmoddi4
 .text          0x00000000080010e4        0x4 /usr/bin/../lib/gcc/arm-none-eabi/5.2.1/armv7e-m/libgcc.a(_dvmd_tls.o)
                0x00000000080010e4                __aeabi_ldiv0
                0x00000000080010e4                __aeabi_idiv0
 *(.text*)
 .text.NMI_Handler
                0x00000000080010e8        0x2 /tmp/cc10fym6.o
                0x00000000080010e8                NMI_Handler
 .text.HardFault_Handler
                0x00000000080010ea        0x2 /tmp/cc10fym6.o
                0x00000000080010ea                HardFault_Handler
 .text.MemManage_Handler
                0x00000000080010ec        0x2 /tmp/cc10fym6.o
                0x00000000080010ec                MemManage_Handler
 .text.BusFault_Handler
                0x00000000080010ee        0x2 /tmp/cc10fym6.o
                0x00000000080010ee                BusFault_Handler
 .text.UsageFault_Handler
                0x00000000080010f0        0x2 /tmp/cc10fym6.o
                0x00000000080010f0                UsageFault_Handler
 .text.SVC_Handler
                0x00000000080010f2        0x2 /tmp/cc10fym6.o
                0x00000000080010f2                SVC_Handler
 .text.DebugMon_Handler
                0x00000000080010f4        0x2 /tmp/cc10fym6.o
                0x00000000080010f4                DebugMon_Handler
 .text.PendSV_Handler
                0x00000000080010f6        0x2 /tmp/cc10fym6.o
                0x00000000080010f6                PendSV_Handler
 .text.SysTick_Handler
                0x00000000080010f8        0x4 /tmp/cc10fym6.o
                0x00000000080010f8                SysTick_Handler
 .text.HAL_MspInit
                0x00000000080010fc        0x2 /tmp/cc7w2OUe.o
                0x00000000080010fc                HAL_MspInit
 .text.Error_Handler
                0x00000000080010fe       0x22 /tmp/ccPXehXn.o
 .text.Log_demo
                0x0000000008001120       0x70 /tmp/ccPXehXn.o
                0x0000000008001120                Log_demo
 .text.startup.main
                0x0000000008001190      0x1f4 /tmp/ccPXehXn.o
                0x0000000008001190                main
 .text.Reset_Handler
                0x0000000008001384       0x4c /tmp/ccB1bu2w.o
                0x0000000008001384                Reset_Handler
 .text.Default_Handler
                0x00000000080013d0        0x2 /tmp/ccB1bu2w.o
                0x00000000080013d0                RTC_Alarm_IRQHandler
                0x00000000080013d0                EXTI2_IRQHandler
                0x00000000080013d0                TIM8_CC_IRQHandler
                0x00000000080013d0                UART8_IRQHandler
                0x00000000080013d0                SPI4_IRQHandler
                0x00000000080013d0                TIM1_CC_IRQHandler
                0x00000000080013d0                DMA2_Stream5_IRQHandler
                0x00000000080013d0                DMA1_Stream5_IRQHandler
                0x00000000080013d0                PVD_IRQHandler
                0x00000000080013d0                TAMP_STAMP_IRQHandler
                0x00000000080013d0                CAN2_RX1_IRQHandler
                0x00000000080013d0                EXTI3_IRQHandler
                0x00000000080013d0                TIM8_TRG_COM_TIM14_IRQHandler
                0x00000000080013d0                TIM1_UP_TIM10_IRQHandler
                0x00000000080013d0                TIM8_UP_TIM13_IRQHandler
                0x00000000080013d0                I2C3_ER_IRQHandler
                0x00000000080013d0                EXTI0_IRQHandler
                0x00000000080013d0                I2C2_EV_IRQHandler
                0x00000000080013d0                DMA1_Stream2_IRQHandler
                0x00000000080013d0                CAN1_RX0_IRQHandler
                0x00000000080013d0                FPU_IRQHandler
                0x00000000080013d0                OTG_HS_WKUP_IRQHandler
                0x00000000080013d0                LTDC_ER_IRQHandler
                0x00000000080013d0                CAN2_SCE_IRQHandler
                0x00000000080013d0                DMA2_Stream2_IRQHandler
                0x00000000080013d0                SPI1_IRQHandler
                0x00000000080013d0                TIM6_DAC_IRQHandler
                0x00000000080013d0                TIM1_BRK_TIM9_IRQHandler
                0x00000000080013d0                DCMI_IRQHandler
                0x00000000080013d0                CAN2_RX0_IRQHandler
                0x00000000080013d0                DMA2_Stream3_IRQHandler
                0x00000000080013d0                SAI2_IRQHandler
                0x00000000080013d0                USART6_IRQHandler
                0x00000000080013d0                USART3_IRQHandler
                0x00000000080013d0                CAN1_RX1_IRQHandler
                0x00000000080013d0                UART5_IRQHandler
                0x00000000080013d0                DMA2_Stream0_IRQHandler
                0x00000000080013d0                TIM4_IRQHandler
                0x00000000080013d0                QUADSPI_IRQHandler
                0x00000000080013d0                I2C1_EV_IRQHandler
                0x00000000080013d0                DMA1_Stream6_IRQHandler
                0x00000000080013d0                DMA1_Stream1_IRQHandler
                0x00000000080013d0                UART4_IRQHandler
                0x00000000080013d0                TIM3_IRQHandler
                0x00000000080013d0                RCC_IRQHandler
                0x00000000080013d0                TIM8_BRK_TIM12_IRQHandler
                0x00000000080013d0                Default_Handler
                0x00000000080013d0                CEC_IRQHandler
                0x00000000080013d0                EXTI15_10_IRQHandler
                0x00000000080013d0                ADC_IRQHandler
                0x00000000080013d0                DMA1_Stream7_IRQHandler
                0x00000000080013d0                SPI5_IRQHandler
                0x00000000080013d0                TIM7_IRQHandler
                0x00000000080013d0                SDMMC1_IRQHandler
                0x00000000080013d0                CAN2_TX_IRQHandler
                0x00000000080013d0                TIM5_IRQHandler
                0x00000000080013d0                DMA2_Stream7_IRQHandler
                0x00000000080013d0                I2C3_EV_IRQHandler
                0x00000000080013d0                EXTI9_5_IRQHandler
                0x00000000080013d0                RTC_WKUP_IRQHandler
                0x00000000080013d0                LTDC_IRQHandler
                0x00000000080013d0                ETH_WKUP_IRQHandler
                0x00000000080013d0                SPDIF_RX_IRQHandler
                0x00000000080013d0                SPI2_IRQHandler
                0x00000000080013d0                OTG_HS_EP1_IN_IRQHandler
                0x00000000080013d0                DMA1_Stream0_IRQHandler
                0x00000000080013d0                CAN1_TX_IRQHandler
                0x00000000080013d0                EXTI4_IRQHandler
                0x00000000080013d0                RNG_IRQHandler
                0x00000000080013d0                ETH_IRQHandler
                0x00000000080013d0                OTG_HS_EP1_OUT_IRQHandler
                0x00000000080013d0                WWDG_IRQHandler
                0x00000000080013d0                SPI6_IRQHandler
                0x00000000080013d0                I2C4_EV_IRQHandler
                0x00000000080013d0                TIM2_IRQHandler
                0x00000000080013d0                OTG_FS_WKUP_IRQHandler
                0x00000000080013d0                TIM1_TRG_COM_TIM11_IRQHandler
                0x00000000080013d0                OTG_HS_IRQHandler
                0x00000000080013d0                DMA2D_IRQHandler
                0x00000000080013d0                EXTI1_IRQHandler
                0x00000000080013d0                UART7_IRQHandler
                0x00000000080013d0                USART2_IRQHandler
                0x00000000080013d0                I2C2_ER_IRQHandler
                0x00000000080013d0                DMA2_Stream1_IRQHandler
                0x00000000080013d0                CAN1_SCE_IRQHandler
                0x00000000080013d0                FLASH_IRQHandler
                0x00000000080013d0                DMA2_Stream4_IRQHandler
                0x00000000080013d0                USART1_IRQHandler
                0x00000000080013d0                OTG_FS_IRQHandler
                0x00000000080013d0                SPI3_IRQHandler
                0x00000000080013d0                DMA1_Stream4_IRQHandler
                0x00000000080013d0                I2C1_ER_IRQHandler
                0x00000000080013d0                FMC_IRQHandler
                0x00000000080013d0                LPTIM1_IRQHandler
                0x00000000080013d0                I2C4_ER_IRQHandler
                0x00000000080013d0                DMA2_Stream6_IRQHandler
                0x00000000080013d0                SAI1_IRQHandler
                0x00000000080013d0                DMA1_Stream3_IRQHandler
 *fill*         0x00000000080013d2        0x2 
 .text.SystemInit
                0x00000000080013d4       0x40 /tmp/ccOZB8uG.o
                0x00000000080013d4                SystemInit
 .text.printf   0x0000000008001414       0x28 /usr/bin/../lib/gcc/arm-none-eabi/5.2.1/../../../../arm-none-eabi/lib/armv7e-m/libc.a(lib_a-printf.o)
                0x0000000008001414                printf
 .text._vfprintf_r
                0x000000000800143c     0x1684 /usr/bin/../lib/gcc/arm-none-eabi/5.2.1/../../../../arm-none-eabi/lib/armv7e-m/libc.a(lib_a-vfprintf.o)
                0x000000000800143c                _vfprintf_r
 .text.__sbprintf
                0x0000000008002ac0       0x6c /usr/bin/../lib/gcc/arm-none-eabi/5.2.1/../../../../arm-none-eabi/lib/armv7e-m/libc.a(lib_a-vfprintf.o)
 .text.__swsetup_r
                0x0000000008002b2c       0xc4 /usr/bin/../lib/gcc/arm-none-eabi/5.2.1/../../../../arm-none-eabi/lib/armv7e-m/libc.a(lib_a-wsetup.o)
                0x0000000008002b2c                __swsetup_r
 .text.quorem   0x0000000008002bf0      0x128 /usr/bin/../lib/gcc/arm-none-eabi/5.2.1/../../../../arm-none-eabi/lib/armv7e-m/libc.a(lib_a-dtoa.o)
 .text._dtoa_r  0x0000000008002d18      0xe58 /usr/bin/../lib/gcc/arm-none-eabi/5.2.1/../../../../arm-none-eabi/lib/armv7e-m/libc.a(lib_a-dtoa.o)
                0x0000000008002d18                _dtoa_r
 .text.__sflush_r
                0x0000000008003b70      0x148 /usr/bin/../lib/gcc/arm-none-eabi/5.2.1/../../../../arm-none-eabi/lib/armv7e-m/libc.a(lib_a-fflush.o)
                0x0000000008003b70                __sflush_r
 .text._fflush_r
                0x0000000008003cb8       0x2c /usr/bin/../lib/gcc/arm-none-eabi/5.2.1/../../../../arm-none-eabi/lib/armv7e-m/libc.a(lib_a-fflush.o)
                0x0000000008003cb8                _fflush_r
 .text._cleanup_r
                0x0000000008003ce4        0xc /usr/bin/../lib/gcc/arm-none-eabi/5.2.1/../../../../arm-none-eabi/lib/armv7e-m/libc.a(lib_a-findfp.o)
                0x0000000008003ce4                _cleanup_r
 .text.__sinit.part.1
                0x0000000008003cf0       0xf0 /usr/bin/../lib/gcc/arm-none-eabi/5.2.1/../../../../arm-none-eabi/lib/armv7e-m/libc.a(lib_a-findfp.o)
 .text.__sinit  0x0000000008003de0        0xc /usr/bin/../lib/gcc/arm-none-eabi/5.2.1/../../../../arm-none-eabi/lib/armv7e-m/libc.a(lib_a-findfp.o)
                0x0000000008003de0                __sinit
 .text.__sfp_lock_acquire
                0x0000000008003dec        0x4 /usr/bin/../lib/gcc/arm-none-eabi/5.2.1/../../../../arm-none-eabi/lib/armv7e-m/libc.a(lib_a-findfp.o)
                0x0000000008003dec                __sfp_lock_acquire
 .text.__sfp_lock_release
                0x0000000008003df0        0x4 /usr/bin/../lib/gcc/arm-none-eabi/5.2.1/../../../../arm-none-eabi/lib/armv7e-m/libc.a(lib_a-findfp.o)
                0x0000000008003df0                __sfp_lock_release
 .text._malloc_trim_r
                0x0000000008003df4       0x9c /usr/bin/../lib/gcc/arm-none-eabi/5.2.1/../../../../arm-none-eabi/lib/armv7e-m/libc.a(lib_a-freer.o)
                0x0000000008003df4                _malloc_trim_r
 .text._free_r  0x0000000008003e90      0x1d0 /usr/bin/../lib/gcc/arm-none-eabi/5.2.1/../../../../arm-none-eabi/lib/armv7e-m/libc.a(lib_a-freer.o)
                0x0000000008003e90                _free_r
 .text._fwalk_reent
                0x0000000008004060       0x54 /usr/bin/../lib/gcc/arm-none-eabi/5.2.1/../../../../arm-none-eabi/lib/armv7e-m/libc.a(lib_a-fwalk.o)
                0x0000000008004060                _fwalk_reent
 .text.__locale_charset
                0x00000000080040b4        0x8 /usr/bin/../lib/gcc/arm-none-eabi/5.2.1/../../../../arm-none-eabi/lib/armv7e-m/libc.a(lib_a-locale.o)
                0x00000000080040b4                __locale_charset
 .text.__locale_mb_cur_max
                0x00000000080040bc        0xc /usr/bin/../lib/gcc/arm-none-eabi/5.2.1/../../../../arm-none-eabi/lib/armv7e-m/libc.a(lib_a-locale.o)
                0x00000000080040bc                __locale_mb_cur_max
 .text._localeconv_r
                0x00000000080040c8        0x8 /usr/bin/../lib/gcc/arm-none-eabi/5.2.1/../../../../arm-none-eabi/lib/armv7e-m/libc.a(lib_a-locale.o)
                0x00000000080040c8                _localeconv_r
 .text.__smakebuf_r
                0x00000000080040d0       0xe0 /usr/bin/../lib/gcc/arm-none-eabi/5.2.1/../../../../arm-none-eabi/lib/armv7e-m/libc.a(lib_a-makebuf.o)
                0x00000000080040d0                __smakebuf_r
 .text._malloc_r
                0x00000000080041b0      0x570 /usr/bin/../lib/gcc/arm-none-eabi/5.2.1/../../../../arm-none-eabi/lib/armv7e-m/libc.a(lib_a-mallocr.o)
                0x00000000080041b0                _malloc_r
 .text.memset   0x0000000008004720       0x9c /usr/bin/../lib/gcc/arm-none-eabi/5.2.1/../../../../arm-none-eabi/lib/armv7e-m/libc.a(lib_a-memset.o)
                0x0000000008004720                memset
 .text.__malloc_lock
                0x00000000080047bc        0x4 /usr/bin/../lib/gcc/arm-none-eabi/5.2.1/../../../../arm-none-eabi/lib/armv7e-m/libc.a(lib_a-mlock.o)
                0x00000000080047bc                __malloc_lock
 .text.__malloc_unlock
                0x00000000080047c0        0x4 /usr/bin/../lib/gcc/arm-none-eabi/5.2.1/../../../../arm-none-eabi/lib/armv7e-m/libc.a(lib_a-mlock.o)
                0x00000000080047c0                __malloc_unlock
 .text._Balloc  0x00000000080047c4       0x4c /usr/bin/../lib/gcc/arm-none-eabi/5.2.1/../../../../arm-none-eabi/lib/armv7e-m/libc.a(lib_a-mprec.o)
                0x00000000080047c4                _Balloc
 .text._Bfree   0x0000000008004810       0x14 /usr/bin/../lib/gcc/arm-none-eabi/5.2.1/../../../../arm-none-eabi/lib/armv7e-m/libc.a(lib_a-mprec.o)
                0x0000000008004810                _Bfree
 .text.__multadd
                0x0000000008004824       0x80 /usr/bin/../lib/gcc/arm-none-eabi/5.2.1/../../../../arm-none-eabi/lib/armv7e-m/libc.a(lib_a-mprec.o)
                0x0000000008004824                __multadd
 .text.__hi0bits
                0x00000000080048a4       0x40 /usr/bin/../lib/gcc/arm-none-eabi/5.2.1/../../../../arm-none-eabi/lib/armv7e-m/libc.a(lib_a-mprec.o)
                0x00000000080048a4                __hi0bits
 .text.__lo0bits
                0x00000000080048e4       0x5c /usr/bin/../lib/gcc/arm-none-eabi/5.2.1/../../../../arm-none-eabi/lib/armv7e-m/libc.a(lib_a-mprec.o)
                0x00000000080048e4                __lo0bits
 .text.__i2b    0x0000000008004940       0x14 /usr/bin/../lib/gcc/arm-none-eabi/5.2.1/../../../../arm-none-eabi/lib/armv7e-m/libc.a(lib_a-mprec.o)
                0x0000000008004940                __i2b
 .text.__multiply
                0x0000000008004954      0x130 /usr/bin/../lib/gcc/arm-none-eabi/5.2.1/../../../../arm-none-eabi/lib/armv7e-m/libc.a(lib_a-mprec.o)
                0x0000000008004954                __multiply
 .text.__pow5mult
                0x0000000008004a84       0xa0 /usr/bin/../lib/gcc/arm-none-eabi/5.2.1/../../../../arm-none-eabi/lib/armv7e-m/libc.a(lib_a-mprec.o)
                0x0000000008004a84                __pow5mult
 .text.__lshift
                0x0000000008004b24       0xb0 /usr/bin/../lib/gcc/arm-none-eabi/5.2.1/../../../../arm-none-eabi/lib/armv7e-m/libc.a(lib_a-mprec.o)
                0x0000000008004b24                __lshift
 .text.__mcmp   0x0000000008004bd4       0x40 /usr/bin/../lib/gcc/arm-none-eabi/5.2.1/../../../../arm-none-eabi/lib/armv7e-m/libc.a(lib_a-mprec.o)
                0x0000000008004bd4                __mcmp
 .text.__mdiff  0x0000000008004c14      0x114 /usr/bin/../lib/gcc/arm-none-eabi/5.2.1/../../../../arm-none-eabi/lib/armv7e-m/libc.a(lib_a-mprec.o)
                0x0000000008004c14                __mdiff
 .text.__d2b    0x0000000008004d28       0xb8 /usr/bin/../lib/gcc/arm-none-eabi/5.2.1/../../../../arm-none-eabi/lib/armv7e-m/libc.a(lib_a-mprec.o)
                0x0000000008004d28                __d2b
 .text.__fpclassifyd
                0x0000000008004de0       0x54 /usr/bin/../lib/gcc/arm-none-eabi/5.2.1/../../../../arm-none-eabi/lib/armv7e-m/libc.a(lib_a-s_fpclassify.o)
                0x0000000008004de0                __fpclassifyd
 .text._sbrk_r  0x0000000008004e34       0x24 /usr/bin/../lib/gcc/arm-none-eabi/5.2.1/../../../../arm-none-eabi/lib/armv7e-m/libc.a(lib_a-sbrkr.o)
                0x0000000008004e34                _sbrk_r
 .text.__sread  0x0000000008004e58       0x24 /usr/bin/../lib/gcc/arm-none-eabi/5.2.1/../../../../arm-none-eabi/lib/armv7e-m/libc.a(lib_a-stdio.o)
                0x0000000008004e58                __sread
 .text.__swrite
                0x0000000008004e7c       0x38 /usr/bin/../lib/gcc/arm-none-eabi/5.2.1/../../../../arm-none-eabi/lib/armv7e-m/libc.a(lib_a-stdio.o)
                0x0000000008004e7c                __swrite
 .text.__sseek  0x0000000008004eb4       0x20 /usr/bin/../lib/gcc/arm-none-eabi/5.2.1/../../../../arm-none-eabi/lib/armv7e-m/libc.a(lib_a-stdio.o)
                0x0000000008004eb4                __sseek
 .text.__sclose
                0x0000000008004ed4        0x8 /usr/bin/../lib/gcc/arm-none-eabi/5.2.1/../../../../arm-none-eabi/lib/armv7e-m/libc.a(lib_a-stdio.o)
                0x0000000008004ed4                __sclose
 .text.__sprint_r.part.0
                0x0000000008004edc       0x78 /usr/bin/../lib/gcc/arm-none-eabi/5.2.1/../../../../arm-none-eabi/lib/armv7e-m/libc.a(lib_a-vfiprintf.o)
 .text.__sprint_r
                0x0000000008004f54       0x14 /usr/bin/../lib/gcc/arm-none-eabi/5.2.1/../../../../arm-none-eabi/lib/armv7e-m/libc.a(lib_a-vfiprintf.o)
                0x0000000008004f54                __sprint_r
 .text._write_r
                0x0000000008004f68       0x2c /usr/bin/../lib/gcc/arm-none-eabi/5.2.1/../../../../arm-none-eabi/lib/armv7e-m/libc.a(lib_a-writer.o)
                0x0000000008004f68                _write_r
 .text._calloc_r
                0x0000000008004f94       0x60 /usr/bin/../lib/gcc/arm-none-eabi/5.2.1/../../../../arm-none-eabi/lib/armv7e-m/libc.a(lib_a-callocr.o)
                0x0000000008004f94                _calloc_r
 .text._close_r
                0x0000000008004ff4       0x24 /usr/bin/../lib/gcc/arm-none-eabi/5.2.1/../../../../arm-none-eabi/lib/armv7e-m/libc.a(lib_a-closer.o)
                0x0000000008004ff4                _close_r
 .text._fclose_r
                0x0000000008005018       0x84 /usr/bin/../lib/gcc/arm-none-eabi/5.2.1/../../../../arm-none-eabi/lib/armv7e-m/libc.a(lib_a-fclose.o)
                0x0000000008005018                _fclose_r
 .text.__fputwc
                0x000000000800509c       0xb0 /usr/bin/../lib/gcc/arm-none-eabi/5.2.1/../../../../arm-none-eabi/lib/armv7e-m/libc.a(lib_a-fputwc.o)
                0x000000000800509c                __fputwc
 .text._fputwc_r
                0x000000000800514c       0x24 /usr/bin/../lib/gcc/arm-none-eabi/5.2.1/../../../../arm-none-eabi/lib/armv7e-m/libc.a(lib_a-fputwc.o)
                0x000000000800514c                _fputwc_r
 .text._fstat_r
                0x0000000008005170       0x28 /usr/bin/../lib/gcc/arm-none-eabi/5.2.1/../../../../arm-none-eabi/lib/armv7e-m/libc.a(lib_a-fstatr.o)
                0x0000000008005170                _fstat_r
 .text.__sfvwrite_r
                0x0000000008005198      0x300 /usr/bin/../lib/gcc/arm-none-eabi/5.2.1/../../../../arm-none-eabi/lib/armv7e-m/libc.a(lib_a-fvwrite.o)
                0x0000000008005198                __sfvwrite_r
 .text._isatty_r
                0x0000000008005498       0x24 /usr/bin/../lib/gcc/arm-none-eabi/5.2.1/../../../../arm-none-eabi/lib/armv7e-m/libc.a(lib_a-isattyr.o)
                0x0000000008005498                _isatty_r
 .text._lseek_r
                0x00000000080054bc       0x2c /usr/bin/../lib/gcc/arm-none-eabi/5.2.1/../../../../arm-none-eabi/lib/armv7e-m/libc.a(lib_a-lseekr.o)
                0x00000000080054bc                _lseek_r
 .text.memmove  0x00000000080054e8       0xc8 /usr/bin/../lib/gcc/arm-none-eabi/5.2.1/../../../../arm-none-eabi/lib/armv7e-m/libc.a(lib_a-memmove.o)
                0x00000000080054e8                memmove
 .text._read_r  0x00000000080055b0       0x2c /usr/bin/../lib/gcc/arm-none-eabi/5.2.1/../../../../arm-none-eabi/lib/armv7e-m/libc.a(lib_a-readr.o)
                0x00000000080055b0                _read_r
 .text._realloc_r
                0x00000000080055dc      0x3e0 /usr/bin/../lib/gcc/arm-none-eabi/5.2.1/../../../../arm-none-eabi/lib/armv7e-m/libc.a(lib_a-reallocr.o)
                0x00000000080055dc                _realloc_r
 .text.__swbuf_r
                0x00000000080059bc       0xa8 /usr/bin/../lib/gcc/arm-none-eabi/5.2.1/../../../../arm-none-eabi/lib/armv7e-m/libc.a(lib_a-wbuf.o)
                0x00000000080059bc                __swbuf_r
 .text._wcrtomb_r
                0x0000000008005a64       0x54 /usr/bin/../lib/gcc/arm-none-eabi/5.2.1/../../../../arm-none-eabi/lib/armv7e-m/libc.a(lib_a-wcrtomb.o)
                0x0000000008005a64                _wcrtomb_r
 .text.__ascii_wctomb
                0x0000000008005ab8       0x1c /usr/bin/../lib/gcc/arm-none-eabi/5.2.1/../../../../arm-none-eabi/lib/armv7e-m/libc.a(lib_a-wctomb_r.o)
                0x0000000008005ab8                __ascii_wctomb
 .text.HAL_RCC_OscConfig
                0x0000000008005ad4      0x3b0 ./Build/libstm32f7.a(stm32f7xx_hal_rcc.o)
                0x0000000008005ad4                HAL_RCC_OscConfig
 .text.HAL_RCC_ClockConfig
                0x0000000008005e84      0x1bc ./Build/libstm32f7.a(stm32f7xx_hal_rcc.o)
                0x0000000008005e84                HAL_RCC_ClockConfig
 .text.HAL_RCC_GetSysClockFreq
                0x0000000008006040       0x7c ./Build/libstm32f7.a(stm32f7xx_hal_rcc.o)
                0x0000000008006040                HAL_RCC_GetSysClockFreq
 .text.HAL_RCC_GetHCLKFreq
                0x00000000080060bc       0x34 ./Build/libstm32f7.a(stm32f7xx_hal_rcc.o)
                0x00000000080060bc                HAL_RCC_GetHCLKFreq
 .text.HAL_InitTick
                0x00000000080060f0       0x24 ./Build/libstm32f7.a(stm32f7xx_hal.o)
                0x00000000080060f0                HAL_InitTick
 .text.HAL_Init
                0x0000000008006114       0x24 ./Build/libstm32f7.a(stm32f7xx_hal.o)
                0x0000000008006114                HAL_Init
 .text.HAL_IncTick
                0x0000000008006138       0x10 ./Build/libstm32f7.a(stm32f7xx_hal.o)
                0x0000000008006138                HAL_IncTick
 .text.HAL_GetTick
                0x0000000008006148        0xc ./Build/libstm32f7.a(stm32f7xx_hal.o)
                0x0000000008006148                HAL_GetTick
 .text.HAL_Delay
                0x0000000008006154       0x1a ./Build/libstm32f7.a(stm32f7xx_hal.o)
                0x0000000008006154                HAL_Delay
 *fill*         0x000000000800616e        0x2 
 .text.HAL_GPIO_Init
                0x0000000008006170      0x1e0 ./Build/libstm32f7.a(stm32f7xx_hal_gpio.o)
                0x0000000008006170                HAL_GPIO_Init
 .text.HAL_GPIO_WritePin
                0x0000000008006350        0x8 ./Build/libstm32f7.a(stm32f7xx_hal_gpio.o)
                0x0000000008006350                HAL_GPIO_WritePin
 .text.HAL_GPIO_TogglePin
                0x0000000008006358        0x8 ./Build/libstm32f7.a(stm32f7xx_hal_gpio.o)
                0x0000000008006358                HAL_GPIO_TogglePin
 .text.HAL_NVIC_SetPriorityGrouping
                0x0000000008006360       0x24 ./Build/libstm32f7.a(stm32f7xx_hal_cortex.o)
                0x0000000008006360                HAL_NVIC_SetPriorityGrouping
 .text.HAL_NVIC_SetPriority
                0x0000000008006384       0x70 ./Build/libstm32f7.a(stm32f7xx_hal_cortex.o)
                0x0000000008006384                HAL_NVIC_SetPriority
 .text.HAL_NVIC_EnableIRQ
                0x00000000080063f4       0x18 ./Build/libstm32f7.a(stm32f7xx_hal_cortex.o)
                0x00000000080063f4                HAL_NVIC_EnableIRQ
 .text.HAL_SYSTICK_Config
                0x000000000800640c       0x2c ./Build/libstm32f7.a(stm32f7xx_hal_cortex.o)
                0x000000000800640c                HAL_SYSTICK_Config
 .text.HAL_MPU_ConfigRegion
                0x0000000008006438       0x4c ./Build/libstm32f7.a(stm32f7xx_hal_cortex.o)
                0x0000000008006438                HAL_MPU_ConfigRegion
 .text.HAL_PWREx_EnableOverDrive
                0x0000000008006484       0x74 ./Build/libstm32f7.a(stm32f7xx_hal_pwr_ex.o)
                0x0000000008006484                HAL_PWREx_EnableOverDrive
 .text.BSP_SDRAM_Initialization_sequence
                0x00000000080064f8       0x98 ./Build/libstm32f7.a(stm32746g_discovery_sdram.o)
                0x00000000080064f8                BSP_SDRAM_Initialization_sequence
 .text.BSP_SDRAM_MspInit
                0x0000000008006590      0x18c ./Build/libstm32f7.a(stm32746g_discovery_sdram.o)
                0x0000000008006590                BSP_SDRAM_MspInit
 .text.BSP_SDRAM_Init
                0x000000000800671c       0x7c ./Build/libstm32f7.a(stm32746g_discovery_sdram.o)
                0x000000000800671c                BSP_SDRAM_Init
 .text.LL_FillBuffer
                0x0000000008006798       0x7c ./Build/libstm32f7.a(stm32746g_discovery_lcd.o)
 .text.BSP_LCD_GetXSize
                0x0000000008006814       0x18 ./Build/libstm32f7.a(stm32746g_discovery_lcd.o)
                0x0000000008006814                BSP_LCD_GetXSize
 .text.BSP_LCD_GetYSize
                0x000000000800682c       0x18 ./Build/libstm32f7.a(stm32746g_discovery_lcd.o)
                0x000000000800682c                BSP_LCD_GetYSize
 .text.BSP_LCD_LayerDefaultInit
                0x0000000008006844       0x78 ./Build/libstm32f7.a(stm32746g_discovery_lcd.o)
                0x0000000008006844                BSP_LCD_LayerDefaultInit
 .text.BSP_LCD_SelectLayer
                0x00000000080068bc        0xc ./Build/libstm32f7.a(stm32746g_discovery_lcd.o)
                0x00000000080068bc                BSP_LCD_SelectLayer
 .text.BSP_LCD_SetTextColor
                0x00000000080068c8       0x18 ./Build/libstm32f7.a(stm32746g_discovery_lcd.o)
                0x00000000080068c8                BSP_LCD_SetTextColor
 .text.BSP_LCD_SetBackColor
                0x00000000080068e0       0x18 ./Build/libstm32f7.a(stm32746g_discovery_lcd.o)
                0x00000000080068e0                BSP_LCD_SetBackColor
 .text.BSP_LCD_SetFont
                0x00000000080068f8       0x18 ./Build/libstm32f7.a(stm32746g_discovery_lcd.o)
                0x00000000080068f8                BSP_LCD_SetFont
 .text.BSP_LCD_GetFont
                0x0000000008006910       0x18 ./Build/libstm32f7.a(stm32746g_discovery_lcd.o)
                0x0000000008006910                BSP_LCD_GetFont
 .text.BSP_LCD_Clear
                0x0000000008006928       0x2c ./Build/libstm32f7.a(stm32746g_discovery_lcd.o)
                0x0000000008006928                BSP_LCD_Clear
 .text.BSP_LCD_DrawHLine
                0x0000000008006954       0x4c ./Build/libstm32f7.a(stm32746g_discovery_lcd.o)
                0x0000000008006954                BSP_LCD_DrawHLine
 .text.BSP_LCD_DrawVLine
                0x00000000080069a0       0x58 ./Build/libstm32f7.a(stm32746g_discovery_lcd.o)
                0x00000000080069a0                BSP_LCD_DrawVLine
 .text.BSP_LCD_DrawRect
                0x00000000080069f8       0x34 ./Build/libstm32f7.a(stm32746g_discovery_lcd.o)
                0x00000000080069f8                BSP_LCD_DrawRect
 .text.BSP_LCD_DrawPixel
                0x0000000008006a2c       0x34 ./Build/libstm32f7.a(stm32746g_discovery_lcd.o)
                0x0000000008006a2c                BSP_LCD_DrawPixel
 .text.BSP_LCD_DisplayChar
                0x0000000008006a60       0xd8 ./Build/libstm32f7.a(stm32746g_discovery_lcd.o)
                0x0000000008006a60                BSP_LCD_DisplayChar
 .text.BSP_LCD_DisplayStringAt
                0x0000000008006b38       0xac ./Build/libstm32f7.a(stm32746g_discovery_lcd.o)
                0x0000000008006b38                BSP_LCD_DisplayStringAt
 .text.BSP_LCD_DisplayStringAtLine
                0x0000000008006be4       0x2c ./Build/libstm32f7.a(stm32746g_discovery_lcd.o)
                0x0000000008006be4                BSP_LCD_DisplayStringAtLine
 .text.BSP_LCD_DrawLine
                0x0000000008006c10       0xdc ./Build/libstm32f7.a(stm32746g_discovery_lcd.o)
                0x0000000008006c10                BSP_LCD_DrawLine
 .text.BSP_LCD_FillRect
                0x0000000008006cec       0x58 ./Build/libstm32f7.a(stm32746g_discovery_lcd.o)
                0x0000000008006cec                BSP_LCD_FillRect
 .text.BSP_LCD_ClearStringLine
                0x0000000008006d44       0x50 ./Build/libstm32f7.a(stm32746g_discovery_lcd.o)
                0x0000000008006d44                BSP_LCD_ClearStringLine
 .text.BSP_LCD_DisplayOn
                0x0000000008006d94       0x34 ./Build/libstm32f7.a(stm32746g_discovery_lcd.o)
                0x0000000008006d94                BSP_LCD_DisplayOn
 .text.BSP_LCD_MspInit
                0x0000000008006dc8      0x158 ./Build/libstm32f7.a(stm32746g_discovery_lcd.o)
                0x0000000008006dc8                BSP_LCD_MspInit
 .text.BSP_LCD_ClockConfig
                0x0000000008006f20       0x1c ./Build/libstm32f7.a(stm32746g_discovery_lcd.o)
                0x0000000008006f20                BSP_LCD_ClockConfig
 .text.BSP_LCD_Init
                0x0000000008006f3c       0xbc ./Build/libstm32f7.a(stm32746g_discovery_lcd.o)
                0x0000000008006f3c                BSP_LCD_Init
 .text.BSP_LED_Init
                0x0000000008006ff8       0x4c ./Build/libstm32f7.a(stm32746g_discovery.o)
                0x0000000008006ff8                BSP_LED_Init
 .text.BSP_LED_On
                0x0000000008007044       0x14 ./Build/libstm32f7.a(stm32746g_discovery.o)
                0x0000000008007044                BSP_LED_On
 .text.BSP_LED_Off
                0x0000000008007058       0x14 ./Build/libstm32f7.a(stm32746g_discovery.o)
                0x0000000008007058                BSP_LED_Off
 .text.BSP_LED_Toggle
                0x000000000800706c       0x10 ./Build/libstm32f7.a(stm32746g_discovery.o)
                0x000000000800706c                BSP_LED_Toggle
 .text.LCD_LOG_DeInit
                0x000000000800707c       0x64 ./Build/libstm32f7.a(lcd_log.o)
                0x000000000800707c                LCD_LOG_DeInit
 .text.LCD_LOG_Init
                0x00000000080070e0       0x12 ./Build/libstm32f7.a(lcd_log.o)
                0x00000000080070e0                LCD_LOG_Init
 *fill*         0x00000000080070f2        0x2 
 .text.LCD_LOG_SetHeader
                0x00000000080070f4       0x6c ./Build/libstm32f7.a(lcd_log.o)
                0x00000000080070f4                LCD_LOG_SetHeader
 .text.LCD_LOG_ClearTextZone
                0x0000000008007160       0x18 ./Build/libstm32f7.a(lcd_log.o)
                0x0000000008007160                LCD_LOG_ClearTextZone
 .text.LCD_LOG_UpdateDisplay
                0x0000000008007178       0x88 ./Build/libstm32f7.a(lcd_log.o)
                0x0000000008007178                LCD_LOG_UpdateDisplay
 .text.__io_putchar
                0x0000000008007200      0x13c ./Build/libstm32f7.a(lcd_log.o)
                0x0000000008007200                __io_putchar
 .text._sbrk    0x000000000800733c       0x34 ./Build/libstm32f7.a(syscalls.o)
                0x000000000800733c                _sbrk
 .text._write   0x0000000008007370       0x1c ./Build/libstm32f7.a(syscalls.o)
                0x0000000008007370                _write
 .text._close   0x000000000800738c        0x6 ./Build/libstm32f7.a(syscalls.o)
                0x000000000800738c                _close
 .text._fstat   0x0000000008007392        0xa ./Build/libstm32f7.a(syscalls.o)
                0x0000000008007392                _fstat
 .text._isatty  0x000000000800739c        0x4 ./Build/libstm32f7.a(syscalls.o)
                0x000000000800739c                _isatty
 .text._lseek   0x00000000080073a0        0x4 ./Build/libstm32f7.a(syscalls.o)
                0x00000000080073a0                _lseek
 .text._read    0x00000000080073a4       0x1c ./Build/libstm32f7.a(syscalls.o)
                0x00000000080073a4                _read
 .text.DMA2D_SetConfig
                0x00000000080073c0       0x80 ./Build/libstm32f7.a(stm32f7xx_hal_dma2d.o)
 .text.HAL_DMA2D_MspInit
                0x0000000008007440        0x2 ./Build/libstm32f7.a(stm32f7xx_hal_dma2d.o)
                0x0000000008007440                HAL_DMA2D_MspInit
 .text.HAL_DMA2D_Init
                0x0000000008007442       0x58 ./Build/libstm32f7.a(stm32f7xx_hal_dma2d.o)
                0x0000000008007442                HAL_DMA2D_Init
 .text.HAL_DMA2D_Start
                0x000000000800749a       0x40 ./Build/libstm32f7.a(stm32f7xx_hal_dma2d.o)
                0x000000000800749a                HAL_DMA2D_Start
 .text.HAL_DMA2D_PollForTransfer
                0x00000000080074da       0xc4 ./Build/libstm32f7.a(stm32f7xx_hal_dma2d.o)
                0x00000000080074da                HAL_DMA2D_PollForTransfer
 *fill*         0x000000000800759e        0x2 
 .text.HAL_DMA2D_ConfigLayer
                0x00000000080075a0       0xcc ./Build/libstm32f7.a(stm32f7xx_hal_dma2d.o)
                0x00000000080075a0                HAL_DMA2D_ConfigLayer
 .text.LTDC_SetConfig
                0x000000000800766c      0x112 ./Build/libstm32f7.a(stm32f7xx_hal_ltdc.o)
 .text.HAL_LTDC_MspInit
                0x000000000800777e        0x2 ./Build/libstm32f7.a(stm32f7xx_hal_ltdc.o)
                0x000000000800777e                HAL_LTDC_MspInit
 .text.HAL_LTDC_Init
                0x0000000008007780       0xe8 ./Build/libstm32f7.a(stm32f7xx_hal_ltdc.o)
                0x0000000008007780                HAL_LTDC_Init
 .text.HAL_LTDC_ConfigLayer
                0x0000000008007868       0x52 ./Build/libstm32f7.a(stm32f7xx_hal_ltdc.o)
                0x0000000008007868                HAL_LTDC_ConfigLayer
 .text.HAL_LTDC_GetState
                0x00000000080078ba        0x6 ./Build/libstm32f7.a(stm32f7xx_hal_ltdc.o)
                0x00000000080078ba                HAL_LTDC_GetState
 .text.HAL_RCCEx_PeriphCLKConfig
                0x00000000080078c0      0x748 ./Build/libstm32f7.a(stm32f7xx_hal_rcc_ex.o)
                0x00000000080078c0                HAL_RCCEx_PeriphCLKConfig
 .text.DMA_CalcBaseAndBitshift
                0x0000000008008008       0x2c ./Build/libstm32f7.a(stm32f7xx_hal_dma.o)
 .text.HAL_DMA_Init
                0x0000000008008034       0x74 ./Build/libstm32f7.a(stm32f7xx_hal_dma.o)
                0x0000000008008034                HAL_DMA_Init
 .text.HAL_DMA_DeInit
                0x00000000080080a8       0x46 ./Build/libstm32f7.a(stm32f7xx_hal_dma.o)
                0x00000000080080a8                HAL_DMA_DeInit
 .text.HAL_SDRAM_MspInit
                0x00000000080080ee        0x2 ./Build/libstm32f7.a(stm32f7xx_hal_sdram.o)
                0x00000000080080ee                HAL_SDRAM_MspInit
 .text.HAL_SDRAM_Init
                0x00000000080080f0       0x40 ./Build/libstm32f7.a(stm32f7xx_hal_sdram.o)
                0x00000000080080f0                HAL_SDRAM_Init
 .text.HAL_SDRAM_SendCommand
                0x0000000008008130       0x2e ./Build/libstm32f7.a(stm32f7xx_hal_sdram.o)
                0x0000000008008130                HAL_SDRAM_SendCommand
 .text.HAL_SDRAM_ProgramRefreshRate
                0x000000000800815e       0x24 ./Build/libstm32f7.a(stm32f7xx_hal_sdram.o)
                0x000000000800815e                HAL_SDRAM_ProgramRefreshRate
 .text.FMC_SDRAM_Init
                0x0000000008008182       0x86 ./Build/libstm32f7.a(stm32f7xx_ll_fmc.o)
                0x0000000008008182                FMC_SDRAM_Init
 .text.FMC_SDRAM_Timing_Init
                0x0000000008008208       0x96 ./Build/libstm32f7.a(stm32f7xx_ll_fmc.o)
                0x0000000008008208                FMC_SDRAM_Timing_Init
 .text.FMC_SDRAM_SendCommand
                0x000000000800829e       0x4c ./Build/libstm32f7.a(stm32f7xx_ll_fmc.o)
                0x000000000800829e                FMC_SDRAM_SendCommand
 .text.FMC_SDRAM_ProgramRefreshRate
                0x00000000080082ea        0xc ./Build/libstm32f7.a(stm32f7xx_ll_fmc.o)
                0x00000000080082ea                FMC_SDRAM_ProgramRefreshRate
 *fill*         0x00000000080082f6        0x2 
 .text.__errno  0x00000000080082f8        0xc /usr/bin/../lib/gcc/arm-none-eabi/5.2.1/../../../../arm-none-eabi/lib/armv7e-m/libc.a(lib_a-errno.o)
                0x00000000080082f8                __errno
 *(.glue_7)
 .glue_7        0x0000000008008304        0x0 linker stubs
 *(.glue_7t)
 .glue_7t       0x0000000008008304        0x0 linker stubs
 *(.eh_frame)
 *(.init)
 *(.fini)
                0x0000000008008304                . = ALIGN (0x4)
                0x0000000008008304                _etext = .

.vfp11_veneer   0x0000000008008304        0x0
 .vfp11_veneer  0x0000000008008304        0x0 linker stubs

.v4_bx          0x0000000008008304        0x0
 .v4_bx         0x0000000008008304        0x0 linker stubs

.iplt           0x0000000008008304        0x0
 .iplt          0x0000000008008304        0x0 /tmp/cc10fym6.o

.rodata         0x0000000008008308     0x2ccc
                0x0000000008008308                . = ALIGN (0x4)
 *(.rodata)
 *(.rodata*)
 .rodata.str1.1
                0x0000000008008308       0x26 /tmp/ccPXehXn.o
 *fill*         0x000000000800832e        0x2 
 .rodata.zeroes.7023
                0x0000000008008330       0x10 /usr/bin/../lib/gcc/arm-none-eabi/5.2.1/../../../../arm-none-eabi/lib/armv7e-m/libc.a(lib_a-vfprintf.o)
 .rodata.blanks.7022
                0x0000000008008340       0x10 /usr/bin/../lib/gcc/arm-none-eabi/5.2.1/../../../../arm-none-eabi/lib/armv7e-m/libc.a(lib_a-vfprintf.o)
 .rodata.str1.4
                0x0000000008008350       0x42 /usr/bin/../lib/gcc/arm-none-eabi/5.2.1/../../../../arm-none-eabi/lib/armv7e-m/libc.a(lib_a-vfprintf.o)
 *fill*         0x0000000008008392        0x2 
 .rodata.str1.4
                0x0000000008008394       0x10 /usr/bin/../lib/gcc/arm-none-eabi/5.2.1/../../../../arm-none-eabi/lib/armv7e-m/libc.a(lib_a-dtoa.o)
                                         0x12 (size before relaxing)
 .rodata.str1.4
                0x00000000080083a4        0x2 /usr/bin/../lib/gcc/arm-none-eabi/5.2.1/../../../../arm-none-eabi/lib/armv7e-m/libc.a(lib_a-impure.o)
 *fill*         0x00000000080083a6        0x2 
 .rodata.str1.4
                0x00000000080083a8        0xc /usr/bin/../lib/gcc/arm-none-eabi/5.2.1/../../../../arm-none-eabi/lib/armv7e-m/libc.a(lib_a-locale.o)
                                         0x12 (size before relaxing)
 .rodata.p05.5402
                0x00000000080083b4        0xc /usr/bin/../lib/gcc/arm-none-eabi/5.2.1/../../../../arm-none-eabi/lib/armv7e-m/libc.a(lib_a-mprec.o)
 .rodata.__mprec_tens
                0x00000000080083c0       0xc8 /usr/bin/../lib/gcc/arm-none-eabi/5.2.1/../../../../arm-none-eabi/lib/armv7e-m/libc.a(lib_a-mprec.o)
                0x00000000080083c0                __mprec_tens
 .rodata.__mprec_bigtens
                0x0000000008008488       0x28 /usr/bin/../lib/gcc/arm-none-eabi/5.2.1/../../../../arm-none-eabi/lib/armv7e-m/libc.a(lib_a-mprec.o)
                0x0000000008008488                __mprec_bigtens
 .rodata.APBAHBPrescTable
                0x00000000080084b0       0x10 ./Build/libstm32f7.a(stm32f7xx_hal_rcc.o)
                0x00000000080084b0                APBAHBPrescTable
 .rodata.Font16_Table
                0x00000000080084c0      0xbe0 ./Build/libstm32f7.a(stm32746g_discovery_lcd.o)
                0x00000000080084c0                Font16_Table
 .rodata.Font24_Table
                0x00000000080090a0     0x1ab8 ./Build/libstm32f7.a(stm32746g_discovery_lcd.o)
                0x00000000080090a0                Font24_Table
 .rodata.Font12_Table
                0x000000000800ab58      0x474 ./Build/libstm32f7.a(stm32746g_discovery_lcd.o)
                0x000000000800ab58                Font12_Table
 .rodata.flagBitshiftOffset.11415
                0x000000000800afcc        0x8 ./Build/libstm32f7.a(stm32f7xx_hal_dma.o)
                0x000000000800afd4                . = ALIGN (0x4)

.ARM.extab
 *(.ARM.extab* .gnu.linkonce.armextab.*)

.ARM            0x000000000800afd4        0x8
                0x000000000800afd4                __exidx_start = .
 *(.ARM.exidx*)
 .ARM.exidx     0x000000000800afd4        0x8 /usr/bin/../lib/gcc/arm-none-eabi/5.2.1/armv7e-m/libgcc.a(_udivmoddi4.o)
                0x000000000800afdc                __exidx_end = .

.rel.dyn        0x000000000800afdc        0x0
 .rel.iplt      0x000000000800afdc        0x0 /tmp/cc10fym6.o

.preinit_array  0x000000000800afdc        0x0
                [!provide]                        PROVIDE (__preinit_array_start, .)
 *(.preinit_array*)
                [!provide]                        PROVIDE (__preinit_array_end, .)

.init_array     0x000000000800afdc        0x0
                [!provide]                        PROVIDE (__init_array_start, .)
 *(SORT(.init_array.*))
 *(.init_array*)
                [!provide]                        PROVIDE (__init_array_end, .)

.fini_array     0x000000000800afdc        0x0
                [!provide]                        PROVIDE (__fini_array_start, .)
 *(SORT(.fini_array.*))
 *(.fini_array*)
                [!provide]                        PROVIDE (__fini_array_end, .)
                0x000000000800afdc                _sidata = LOADADDR (.data)

.data           0x0000000020000000      0x8c0 load address 0x000000000800afdc
                0x0000000020000000                . = ALIGN (0x4)
                0x0000000020000000                _sdata = .
 *(.data)
 *(.data*)
 .data.SystemCoreClock
                0x0000000020000000        0x4 /tmp/ccOZB8uG.o
                0x0000000020000000                SystemCoreClock
 *fill*         0x0000000020000004        0x4 
 .data.impure_data
                0x0000000020000008      0x428 /usr/bin/../lib/gcc/arm-none-eabi/5.2.1/../../../../arm-none-eabi/lib/armv7e-m/libc.a(lib_a-impure.o)
 .data._impure_ptr
                0x0000000020000430        0x4 /usr/bin/../lib/gcc/arm-none-eabi/5.2.1/../../../../arm-none-eabi/lib/armv7e-m/libc.a(lib_a-impure.o)
                0x0000000020000430                _impure_ptr
 .data.lconv    0x0000000020000434       0x38 /usr/bin/../lib/gcc/arm-none-eabi/5.2.1/../../../../arm-none-eabi/lib/armv7e-m/libc.a(lib_a-locale.o)
 .data.lc_ctype_charset
                0x000000002000046c       0x20 /usr/bin/../lib/gcc/arm-none-eabi/5.2.1/../../../../arm-none-eabi/lib/armv7e-m/libc.a(lib_a-locale.o)
 .data.__mb_cur_max
                0x000000002000048c        0x4 /usr/bin/../lib/gcc/arm-none-eabi/5.2.1/../../../../arm-none-eabi/lib/armv7e-m/libc.a(lib_a-locale.o)
                0x000000002000048c                __mb_cur_max
 .data.__malloc_av_
                0x0000000020000490      0x408 /usr/bin/../lib/gcc/arm-none-eabi/5.2.1/../../../../arm-none-eabi/lib/armv7e-m/libc.a(lib_a-mallocr.o)
                0x0000000020000490                __malloc_av_
 .data.__malloc_trim_threshold
                0x0000000020000898        0x4 /usr/bin/../lib/gcc/arm-none-eabi/5.2.1/../../../../arm-none-eabi/lib/armv7e-m/libc.a(lib_a-mallocr.o)
                0x0000000020000898                __malloc_trim_threshold
 .data.__malloc_sbrk_base
                0x000000002000089c        0x4 /usr/bin/../lib/gcc/arm-none-eabi/5.2.1/../../../../arm-none-eabi/lib/armv7e-m/libc.a(lib_a-mallocr.o)
                0x000000002000089c                __malloc_sbrk_base
 .data.__wctomb
                0x00000000200008a0        0x4 /usr/bin/../lib/gcc/arm-none-eabi/5.2.1/../../../../arm-none-eabi/lib/armv7e-m/libc.a(lib_a-wctomb_r.o)
                0x00000000200008a0                __wctomb
 .data.sdramstatus.11380
                0x00000000200008a4        0x1 ./Build/libstm32f7.a(stm32746g_discovery_sdram.o)
 *fill*         0x00000000200008a5        0x3 
 .data.Font12   0x00000000200008a8        0x8 ./Build/libstm32f7.a(stm32746g_discovery_lcd.o)
                0x00000000200008a8                Font12
 .data.Font16   0x00000000200008b0        0x8 ./Build/libstm32f7.a(stm32746g_discovery_lcd.o)
                0x00000000200008b0                Font16
 .data.Font24   0x00000000200008b8        0x8 ./Build/libstm32f7.a(stm32746g_discovery_lcd.o)
                0x00000000200008b8                Font24
                0x00000000200008c0                . = ALIGN (0x4)
                0x00000000200008c0                _edata = .

.igot.plt       0x00000000200008c0        0x0 load address 0x000000000800b89c
 .igot.plt      0x00000000200008c0        0x0 /tmp/cc10fym6.o
                0x00000000200008c0                . = ALIGN (0x4)

.bss            0x00000000200008c0      0xb5c load address 0x000000000800b89c
                0x00000000200008c0                _sbss = .
                0x00000000200008c0                __bss_start__ = _sbss
 *(.bss)
 *(.bss*)
 .bss.__malloc_max_total_mem
                0x00000000200008c0        0x4 /usr/bin/../lib/gcc/arm-none-eabi/5.2.1/../../../../arm-none-eabi/lib/armv7e-m/libc.a(lib_a-mallocr.o)
                0x00000000200008c0                __malloc_max_total_mem
 .bss.__malloc_max_sbrked_mem
                0x00000000200008c4        0x4 /usr/bin/../lib/gcc/arm-none-eabi/5.2.1/../../../../arm-none-eabi/lib/armv7e-m/libc.a(lib_a-mallocr.o)
                0x00000000200008c4                __malloc_max_sbrked_mem
 .bss.__malloc_top_pad
                0x00000000200008c8        0x4 /usr/bin/../lib/gcc/arm-none-eabi/5.2.1/../../../../arm-none-eabi/lib/armv7e-m/libc.a(lib_a-mallocr.o)
                0x00000000200008c8                __malloc_top_pad
 .bss.__malloc_current_mallinfo
                0x00000000200008cc       0x28 /usr/bin/../lib/gcc/arm-none-eabi/5.2.1/../../../../arm-none-eabi/lib/armv7e-m/libc.a(lib_a-mallocr.o)
                0x00000000200008cc                __malloc_current_mallinfo
 .bss.uwTick    0x00000000200008f4        0x4 ./Build/libstm32f7.a(stm32f7xx_hal.o)
 .bss.Command   0x00000000200008f8       0x10 ./Build/libstm32f7.a(stm32746g_discovery_sdram.o)
 .bss.sdramHandle
                0x0000000020000908       0x34 ./Build/libstm32f7.a(stm32746g_discovery_sdram.o)
 .bss.dma_handle.11419
                0x000000002000093c       0x58 ./Build/libstm32f7.a(stm32746g_discovery_sdram.o)
 .bss.Timing    0x0000000020000994       0x1c ./Build/libstm32f7.a(stm32746g_discovery_sdram.o)
 .bss.ActiveLayer
                0x00000000200009b0        0x4 ./Build/libstm32f7.a(stm32746g_discovery_lcd.o)
 .bss.hLtdcHandler
                0x00000000200009b4       0xa8 ./Build/libstm32f7.a(stm32746g_discovery_lcd.o)
 .bss.DrawProp  0x0000000020000a5c       0x18 ./Build/libstm32f7.a(stm32746g_discovery_lcd.o)
 .bss.periph_clk_init_struct.11916
                0x0000000020000a74       0x84 ./Build/libstm32f7.a(stm32746g_discovery_lcd.o)
 .bss.hDma2dHandler
                0x0000000020000af8       0x40 ./Build/libstm32f7.a(stm32746g_discovery_lcd.o)
 .bss.heap_end.12028
                0x0000000020000b38        0x4 ./Build/libstm32f7.a(syscalls.o)
 *(COMMON)
 COMMON         0x0000000020000b3c        0x4 /usr/bin/../lib/gcc/arm-none-eabi/5.2.1/../../../../arm-none-eabi/lib/armv7e-m/libc.a(lib_a-reent.o)
                0x0000000020000b3c                errno
 COMMON         0x0000000020000b40      0x8da ./Build/libstm32f7.a(lcd_log.o)
                0x0000000020000b40                LCD_CacheBuffer_yptr_bottom_bak
                0x0000000020000b42                LCD_CacheBuffer_yptr_top_bak
                0x0000000020000b44                LCD_CacheBuffer_yptr_bottom
                0x0000000020000b46                LCD_CacheBuffer_xptr
                0x0000000020000b48                LCD_CacheBuffer_yptr_invert
                0x0000000020000b49                LCD_Lock
                0x0000000020000b4a                LCD_Scrolled
                0x0000000020000b4c                LCD_CacheBuffer_yptr_top
                0x0000000020000b4e                LCD_ScrollActive
                0x0000000020000b50                LCD_CacheBuffer
                0x0000000020001414                LCD_LineColor
                0x0000000020001418                LCD_ScrollBackStep
                0x000000002000141c                . = ALIGN (0x4)
 *fill*         0x000000002000141a        0x2 
                0x000000002000141c                _ebss = .
                0x000000002000141c                __bss_end__ = _ebss

._user_heap_stack
                0x000000002000141c      0x600 load address 0x000000000800b89c
                0x000000002000141c                . = ALIGN (0x4)
                0x000000002000141c                PROVIDE (end, .)
                [!provide]                        PROVIDE (_end, .)
                0x000000002000161c                . = (. + _Min_Heap_Size)
 *fill*         0x000000002000141c      0x200 
                0x0000000020001a1c                . = (. + _Min_Stack_Size)
 *fill*         0x000000002000161c      0x400 
                0x0000000020001a1c                . = ALIGN (0x4)

/DISCARD/
 libc.a(*)
 libm.a(*)
 libgcc.a(*)

.ARM.attributes
                0x0000000000000000       0x31
 *(.ARM.attributes)
 .ARM.attributes
                0x0000000000000000       0x33 /tmp/cc10fym6.o
 .ARM.attributes
                0x0000000000000033       0x33 /tmp/cc7w2OUe.o
 .ARM.attributes
                0x0000000000000066       0x33 /tmp/ccPXehXn.o
 .ARM.attributes
                0x0000000000000099       0x21 /tmp/ccB1bu2w.o
 .ARM.attributes
                0x00000000000000ba       0x33 /tmp/ccOZB8uG.o
 .ARM.attributes
                0x00000000000000ed       0x2e /usr/bin/../lib/gcc/arm-none-eabi/5.2.1/../../../../arm-none-eabi/lib/armv7e-m/libc.a(lib_a-printf.o)
 .ARM.attributes
                0x000000000000011b       0x2e /usr/bin/../lib/gcc/arm-none-eabi/5.2.1/../../../../arm-none-eabi/lib/armv7e-m/libc.a(lib_a-vfprintf.o)
 .ARM.attributes
                0x0000000000000149       0x2e /usr/bin/../lib/gcc/arm-none-eabi/5.2.1/../../../../arm-none-eabi/lib/armv7e-m/libc.a(lib_a-wsetup.o)
 .ARM.attributes
                0x0000000000000177       0x2e /usr/bin/../lib/gcc/arm-none-eabi/5.2.1/../../../../arm-none-eabi/lib/armv7e-m/libc.a(lib_a-dtoa.o)
 .ARM.attributes
                0x00000000000001a5       0x2e /usr/bin/../lib/gcc/arm-none-eabi/5.2.1/../../../../arm-none-eabi/lib/armv7e-m/libc.a(lib_a-fflush.o)
 .ARM.attributes
                0x00000000000001d3       0x2e /usr/bin/../lib/gcc/arm-none-eabi/5.2.1/../../../../arm-none-eabi/lib/armv7e-m/libc.a(lib_a-findfp.o)
 .ARM.attributes
                0x0000000000000201       0x2e /usr/bin/../lib/gcc/arm-none-eabi/5.2.1/../../../../arm-none-eabi/lib/armv7e-m/libc.a(lib_a-freer.o)
 .ARM.attributes
                0x000000000000022f       0x2e /usr/bin/../lib/gcc/arm-none-eabi/5.2.1/../../../../arm-none-eabi/lib/armv7e-m/libc.a(lib_a-fwalk.o)
 .ARM.attributes
                0x000000000000025d       0x2e /usr/bin/../lib/gcc/arm-none-eabi/5.2.1/../../../../arm-none-eabi/lib/armv7e-m/libc.a(lib_a-impure.o)
 .ARM.attributes
                0x000000000000028b       0x2e /usr/bin/../lib/gcc/arm-none-eabi/5.2.1/../../../../arm-none-eabi/lib/armv7e-m/libc.a(lib_a-locale.o)
 .ARM.attributes
                0x00000000000002b9       0x2e /usr/bin/../lib/gcc/arm-none-eabi/5.2.1/../../../../arm-none-eabi/lib/armv7e-m/libc.a(lib_a-makebuf.o)
 .ARM.attributes
                0x00000000000002e7       0x2e /usr/bin/../lib/gcc/arm-none-eabi/5.2.1/../../../../arm-none-eabi/lib/armv7e-m/libc.a(lib_a-mallocr.o)
 .ARM.attributes
                0x0000000000000315       0x1c /usr/bin/../lib/gcc/arm-none-eabi/5.2.1/../../../../arm-none-eabi/lib/armv7e-m/libc.a(lib_a-memchr.o)
 .ARM.attributes
                0x0000000000000331       0x1c /usr/bin/../lib/gcc/arm-none-eabi/5.2.1/../../../../arm-none-eabi/lib/armv7e-m/libc.a(lib_a-memcpy.o)
 .ARM.attributes
                0x000000000000034d       0x2e /usr/bin/../lib/gcc/arm-none-eabi/5.2.1/../../../../arm-none-eabi/lib/armv7e-m/libc.a(lib_a-memset.o)
 .ARM.attributes
                0x000000000000037b       0x2e /usr/bin/../lib/gcc/arm-none-eabi/5.2.1/../../../../arm-none-eabi/lib/armv7e-m/libc.a(lib_a-mlock.o)
 .ARM.attributes
                0x00000000000003a9       0x2e /usr/bin/../lib/gcc/arm-none-eabi/5.2.1/../../../../arm-none-eabi/lib/armv7e-m/libc.a(lib_a-mprec.o)
 .ARM.attributes
                0x00000000000003d7       0x2e /usr/bin/../lib/gcc/arm-none-eabi/5.2.1/../../../../arm-none-eabi/lib/armv7e-m/libc.a(lib_a-s_fpclassify.o)
 .ARM.attributes
                0x0000000000000405       0x2e /usr/bin/../lib/gcc/arm-none-eabi/5.2.1/../../../../arm-none-eabi/lib/armv7e-m/libc.a(lib_a-sbrkr.o)
 .ARM.attributes
                0x0000000000000433       0x2e /usr/bin/../lib/gcc/arm-none-eabi/5.2.1/../../../../arm-none-eabi/lib/armv7e-m/libc.a(lib_a-stdio.o)
 .ARM.attributes
                0x0000000000000461       0x1c /usr/bin/../lib/gcc/arm-none-eabi/5.2.1/../../../../arm-none-eabi/lib/armv7e-m/libc.a(lib_a-strlen.o)
 .ARM.attributes
                0x000000000000047d       0x2e /usr/bin/../lib/gcc/arm-none-eabi/5.2.1/../../../../arm-none-eabi/lib/armv7e-m/libc.a(lib_a-vfiprintf.o)
 .ARM.attributes
                0x00000000000004ab       0x2e /usr/bin/../lib/gcc/arm-none-eabi/5.2.1/../../../../arm-none-eabi/lib/armv7e-m/libc.a(lib_a-writer.o)
 .ARM.attributes
                0x00000000000004d9       0x2e /usr/bin/../lib/gcc/arm-none-eabi/5.2.1/../../../../arm-none-eabi/lib/armv7e-m/libc.a(lib_a-callocr.o)
 .ARM.attributes
                0x0000000000000507       0x2e /usr/bin/../lib/gcc/arm-none-eabi/5.2.1/../../../../arm-none-eabi/lib/armv7e-m/libc.a(lib_a-closer.o)
 .ARM.attributes
                0x0000000000000535       0x2e /usr/bin/../lib/gcc/arm-none-eabi/5.2.1/../../../../arm-none-eabi/lib/armv7e-m/libc.a(lib_a-fclose.o)
 .ARM.attributes
                0x0000000000000563       0x2e /usr/bin/../lib/gcc/arm-none-eabi/5.2.1/../../../../arm-none-eabi/lib/armv7e-m/libc.a(lib_a-fputwc.o)
 .ARM.attributes
                0x0000000000000591       0x2e /usr/bin/../lib/gcc/arm-none-eabi/5.2.1/../../../../arm-none-eabi/lib/armv7e-m/libc.a(lib_a-fstatr.o)
 .ARM.attributes
                0x00000000000005bf       0x2e /usr/bin/../lib/gcc/arm-none-eabi/5.2.1/../../../../arm-none-eabi/lib/armv7e-m/libc.a(lib_a-fvwrite.o)
 .ARM.attributes
                0x00000000000005ed       0x2e /usr/bin/../lib/gcc/arm-none-eabi/5.2.1/../../../../arm-none-eabi/lib/armv7e-m/libc.a(lib_a-isattyr.o)
 .ARM.attributes
                0x000000000000061b       0x2e /usr/bin/../lib/gcc/arm-none-eabi/5.2.1/../../../../arm-none-eabi/lib/armv7e-m/libc.a(lib_a-lseekr.o)
 .ARM.attributes
                0x0000000000000649       0x2e /usr/bin/../lib/gcc/arm-none-eabi/5.2.1/../../../../arm-none-eabi/lib/armv7e-m/libc.a(lib_a-memmove.o)
 .ARM.attributes
                0x0000000000000677       0x2e /usr/bin/../lib/gcc/arm-none-eabi/5.2.1/../../../../arm-none-eabi/lib/armv7e-m/libc.a(lib_a-readr.o)
 .ARM.attributes
                0x00000000000006a5       0x2e /usr/bin/../lib/gcc/arm-none-eabi/5.2.1/../../../../arm-none-eabi/lib/armv7e-m/libc.a(lib_a-reallocr.o)
 .ARM.attributes
                0x00000000000006d3       0x2e /usr/bin/../lib/gcc/arm-none-eabi/5.2.1/../../../../arm-none-eabi/lib/armv7e-m/libc.a(lib_a-reent.o)
 .ARM.attributes
                0x0000000000000701       0x2e /usr/bin/../lib/gcc/arm-none-eabi/5.2.1/../../../../arm-none-eabi/lib/armv7e-m/libc.a(lib_a-wbuf.o)
 .ARM.attributes
                0x000000000000072f       0x2e /usr/bin/../lib/gcc/arm-none-eabi/5.2.1/../../../../arm-none-eabi/lib/armv7e-m/libc.a(lib_a-wcrtomb.o)
 .ARM.attributes
                0x000000000000075d       0x2e /usr/bin/../lib/gcc/arm-none-eabi/5.2.1/../../../../arm-none-eabi/lib/armv7e-m/libc.a(lib_a-wctomb_r.o)
 .ARM.attributes
                0x000000000000078b       0x33 ./Build/libstm32f7.a(stm32f7xx_hal_rcc.o)
 .ARM.attributes
                0x00000000000007be       0x33 ./Build/libstm32f7.a(stm32f7xx_hal.o)
 .ARM.attributes
                0x00000000000007f1       0x33 ./Build/libstm32f7.a(stm32f7xx_hal_gpio.o)
 .ARM.attributes
                0x0000000000000824       0x33 ./Build/libstm32f7.a(stm32f7xx_hal_cortex.o)
 .ARM.attributes
                0x0000000000000857       0x33 ./Build/libstm32f7.a(stm32f7xx_hal_pwr_ex.o)
 .ARM.attributes
                0x000000000000088a       0x33 ./Build/libstm32f7.a(stm32746g_discovery_sdram.o)
 .ARM.attributes
                0x00000000000008bd       0x33 ./Build/libstm32f7.a(stm32746g_discovery_lcd.o)
 .ARM.attributes
                0x00000000000008f0       0x33 ./Build/libstm32f7.a(stm32746g_discovery.o)
 .ARM.attributes
                0x0000000000000923       0x33 ./Build/libstm32f7.a(lcd_log.o)
 .ARM.attributes
                0x0000000000000956       0x33 ./Build/libstm32f7.a(syscalls.o)
 .ARM.attributes
                0x0000000000000989       0x33 ./Build/libstm32f7.a(stm32f7xx_hal_dma2d.o)
 .ARM.attributes
                0x00000000000009bc       0x33 ./Build/libstm32f7.a(stm32f7xx_hal_ltdc.o)
 .ARM.attributes
                0x00000000000009ef       0x33 ./Build/libstm32f7.a(stm32f7xx_hal_rcc_ex.o)
 .ARM.attributes
                0x0000000000000a22       0x33 ./Build/libstm32f7.a(stm32f7xx_hal_dma.o)
 .ARM.attributes
                0x0000000000000a55       0x33 ./Build/libstm32f7.a(stm32f7xx_hal_sdram.o)
 .ARM.attributes
                0x0000000000000a88       0x33 ./Build/libstm32f7.a(stm32f7xx_ll_fmc.o)
 .ARM.attributes
                0x0000000000000abb       0x1e /usr/bin/../lib/gcc/arm-none-eabi/5.2.1/armv7e-m/libgcc.a(_arm_addsubdf3.o)
 .ARM.attributes
                0x0000000000000ad9       0x1e /usr/bin/../lib/gcc/arm-none-eabi/5.2.1/armv7e-m/libgcc.a(_arm_muldivdf3.o)
 .ARM.attributes
                0x0000000000000af7       0x1e /usr/bin/../lib/gcc/arm-none-eabi/5.2.1/armv7e-m/libgcc.a(_arm_cmpdf2.o)
 .ARM.attributes
                0x0000000000000b15       0x1e /usr/bin/../lib/gcc/arm-none-eabi/5.2.1/armv7e-m/libgcc.a(_arm_fixdfsi.o)
 .ARM.attributes
                0x0000000000000b33       0x1e /usr/bin/../lib/gcc/arm-none-eabi/5.2.1/armv7e-m/libgcc.a(_aeabi_uldivmod.o)
 .ARM.attributes
                0x0000000000000b51       0x2e /usr/bin/../lib/gcc/arm-none-eabi/5.2.1/armv7e-m/libgcc.a(_udivmoddi4.o)
 .ARM.attributes
                0x0000000000000b7f       0x1e /usr/bin/../lib/gcc/arm-none-eabi/5.2.1/armv7e-m/libgcc.a(_dvmd_tls.o)
 .ARM.attributes
                0x0000000000000b9d       0x2e /usr/bin/../lib/gcc/arm-none-eabi/5.2.1/../../../../arm-none-eabi/lib/armv7e-m/libc.a(lib_a-errno.o)
OUTPUT(Build/main.elf elf32-littlearm)

.debug_info     0x0000000000000000    0x106a5
 .debug_info    0x0000000000000000      0x126 /tmp/cc10fym6.o
 .debug_info    0x0000000000000126       0xb8 /tmp/cc7w2OUe.o
 .debug_info    0x00000000000001de      0xf93 /tmp/ccPXehXn.o
 .debug_info    0x0000000000001171       0x67 /tmp/ccB1bu2w.o
 .debug_info    0x00000000000011d8      0x6a3 /tmp/ccOZB8uG.o
 .debug_info    0x000000000000187b      0xd0b ./Build/libstm32f7.a(stm32f7xx_hal_rcc.o)
 .debug_info    0x0000000000002586      0x962 ./Build/libstm32f7.a(stm32f7xx_hal.o)
 .debug_info    0x0000000000002ee8      0x74c ./Build/libstm32f7.a(stm32f7xx_hal_gpio.o)
 .debug_info    0x0000000000003634     0x10a5 ./Build/libstm32f7.a(stm32f7xx_hal_cortex.o)
 .debug_info    0x00000000000046d9      0x9b4 ./Build/libstm32f7.a(stm32f7xx_hal_pwr_ex.o)
 .debug_info    0x000000000000508d     0x126f ./Build/libstm32f7.a(stm32746g_discovery_sdram.o)
 .debug_info    0x00000000000062fc     0x2d51 ./Build/libstm32f7.a(stm32746g_discovery_lcd.o)
 .debug_info    0x000000000000904d     0x1ed2 ./Build/libstm32f7.a(stm32746g_discovery.o)
 .debug_info    0x000000000000af1f      0x679 ./Build/libstm32f7.a(lcd_log.o)
 .debug_info    0x000000000000b598      0x7de ./Build/libstm32f7.a(syscalls.o)
 .debug_info    0x000000000000bd76      0xba0 ./Build/libstm32f7.a(stm32f7xx_hal_dma2d.o)
 .debug_info    0x000000000000c916      0xcc1 ./Build/libstm32f7.a(stm32f7xx_hal_ltdc.o)
 .debug_info    0x000000000000d5d7      0xf61 ./Build/libstm32f7.a(stm32f7xx_hal_rcc_ex.o)
 .debug_info    0x000000000000e538      0x7fc ./Build/libstm32f7.a(stm32f7xx_hal_dma.o)
 .debug_info    0x000000000000ed34      0xcf2 ./Build/libstm32f7.a(stm32f7xx_hal_sdram.o)
 .debug_info    0x000000000000fa26      0xc7f ./Build/libstm32f7.a(stm32f7xx_ll_fmc.o)

.debug_abbrev   0x0000000000000000     0x2baf
 .debug_abbrev  0x0000000000000000       0xc4 /tmp/cc10fym6.o
 .debug_abbrev  0x00000000000000c4       0x70 /tmp/cc7w2OUe.o
 .debug_abbrev  0x0000000000000134      0x2e7 /tmp/ccPXehXn.o
 .debug_abbrev  0x000000000000041b       0x12 /tmp/ccB1bu2w.o
 .debug_abbrev  0x000000000000042d      0x11d /tmp/ccOZB8uG.o
 .debug_abbrev  0x000000000000054a      0x302 ./Build/libstm32f7.a(stm32f7xx_hal_rcc.o)
 .debug_abbrev  0x000000000000084c      0x1c8 ./Build/libstm32f7.a(stm32f7xx_hal.o)
 .debug_abbrev  0x0000000000000a14      0x1c8 ./Build/libstm32f7.a(stm32f7xx_hal_gpio.o)
 .debug_abbrev  0x0000000000000bdc      0x326 ./Build/libstm32f7.a(stm32f7xx_hal_cortex.o)
 .debug_abbrev  0x0000000000000f02      0x1d1 ./Build/libstm32f7.a(stm32f7xx_hal_pwr_ex.o)
 .debug_abbrev  0x00000000000010d3      0x232 ./Build/libstm32f7.a(stm32746g_discovery_sdram.o)
 .debug_abbrev  0x0000000000001305      0x440 ./Build/libstm32f7.a(stm32746g_discovery_lcd.o)
 .debug_abbrev  0x0000000000001745      0x399 ./Build/libstm32f7.a(stm32746g_discovery.o)
 .debug_abbrev  0x0000000000001ade      0x1e7 ./Build/libstm32f7.a(lcd_log.o)
 .debug_abbrev  0x0000000000001cc5      0x201 ./Build/libstm32f7.a(syscalls.o)
 .debug_abbrev  0x0000000000001ec6      0x25f ./Build/libstm32f7.a(stm32f7xx_hal_dma2d.o)
 .debug_abbrev  0x0000000000002125      0x236 ./Build/libstm32f7.a(stm32f7xx_hal_ltdc.o)
 .debug_abbrev  0x000000000000235b      0x22e ./Build/libstm32f7.a(stm32f7xx_hal_rcc_ex.o)
 .debug_abbrev  0x0000000000002589      0x270 ./Build/libstm32f7.a(stm32f7xx_hal_dma.o)
 .debug_abbrev  0x00000000000027f9      0x236 ./Build/libstm32f7.a(stm32f7xx_hal_sdram.o)
 .debug_abbrev  0x0000000000002a2f      0x180 ./Build/libstm32f7.a(stm32f7xx_ll_fmc.o)

.debug_aranges  0x0000000000000000      0xb30
 .debug_aranges
                0x0000000000000000       0x48 /tmp/cc10fym6.o
 .debug_aranges
                0x0000000000000048       0x20 /tmp/cc7w2OUe.o
 .debug_aranges
                0x0000000000000068       0x30 /tmp/ccPXehXn.o
 .debug_aranges
                0x0000000000000098       0x28 /tmp/ccB1bu2w.o
 .debug_aranges
                0x00000000000000c0       0x28 /tmp/ccOZB8uG.o
 .debug_aranges
                0x00000000000000e8       0x88 ./Build/libstm32f7.a(stm32f7xx_hal_rcc.o)
 .debug_aranges
                0x0000000000000170       0xc8 ./Build/libstm32f7.a(stm32f7xx_hal.o)
 .debug_aranges
                0x0000000000000238       0x58 ./Build/libstm32f7.a(stm32f7xx_hal_gpio.o)
 .debug_aranges
                0x0000000000000290       0x98 ./Build/libstm32f7.a(stm32f7xx_hal_cortex.o)
 .debug_aranges
                0x0000000000000328       0x80 ./Build/libstm32f7.a(stm32f7xx_hal_pwr_ex.o)
 .debug_aranges
                0x00000000000003a8       0x70 ./Build/libstm32f7.a(stm32746g_discovery_sdram.o)
 .debug_aranges
                0x0000000000000418      0x190 ./Build/libstm32f7.a(stm32746g_discovery_lcd.o)
 .debug_aranges
                0x00000000000005a8       0xf0 ./Build/libstm32f7.a(stm32746g_discovery.o)
 .debug_aranges
                0x0000000000000698       0x50 ./Build/libstm32f7.a(lcd_log.o)
 .debug_aranges
                0x00000000000006e8       0xb8 ./Build/libstm32f7.a(syscalls.o)
 .debug_aranges
                0x00000000000007a0       0xb8 ./Build/libstm32f7.a(stm32f7xx_hal_dma2d.o)
 .debug_aranges
                0x0000000000000858       0xc8 ./Build/libstm32f7.a(stm32f7xx_hal_ltdc.o)
 .debug_aranges
                0x0000000000000920       0x30 ./Build/libstm32f7.a(stm32f7xx_hal_rcc_ex.o)
 .debug_aranges
                0x0000000000000950       0x68 ./Build/libstm32f7.a(stm32f7xx_hal_dma.o)
 .debug_aranges
                0x00000000000009b8       0xb0 ./Build/libstm32f7.a(stm32f7xx_hal_sdram.o)
 .debug_aranges
                0x0000000000000a68       0xc8 ./Build/libstm32f7.a(stm32f7xx_ll_fmc.o)

.debug_ranges   0x0000000000000000     0x1320
 .debug_ranges  0x0000000000000000       0x38 /tmp/cc10fym6.o
 .debug_ranges  0x0000000000000038       0x10 /tmp/cc7w2OUe.o
 .debug_ranges  0x0000000000000048       0x98 /tmp/ccPXehXn.o
 .debug_ranges  0x00000000000000e0       0x20 /tmp/ccB1bu2w.o
 .debug_ranges  0x0000000000000100       0x18 /tmp/ccOZB8uG.o
 .debug_ranges  0x0000000000000118      0x1b8 ./Build/libstm32f7.a(stm32f7xx_hal_rcc.o)
 .debug_ranges  0x00000000000002d0       0xb8 ./Build/libstm32f7.a(stm32f7xx_hal.o)
 .debug_ranges  0x0000000000000388       0x78 ./Build/libstm32f7.a(stm32f7xx_hal_gpio.o)
 .debug_ranges  0x0000000000000400      0x140 ./Build/libstm32f7.a(stm32f7xx_hal_cortex.o)
 .debug_ranges  0x0000000000000540      0x100 ./Build/libstm32f7.a(stm32f7xx_hal_pwr_ex.o)
 .debug_ranges  0x0000000000000640       0xa0 ./Build/libstm32f7.a(stm32746g_discovery_sdram.o)
 .debug_ranges  0x00000000000006e0      0x370 ./Build/libstm32f7.a(stm32746g_discovery_lcd.o)
 .debug_ranges  0x0000000000000a50      0x1b8 ./Build/libstm32f7.a(stm32746g_discovery.o)
 .debug_ranges  0x0000000000000c08       0x40 ./Build/libstm32f7.a(lcd_log.o)
 .debug_ranges  0x0000000000000c48       0xa8 ./Build/libstm32f7.a(syscalls.o)
 .debug_ranges  0x0000000000000cf0       0xa8 ./Build/libstm32f7.a(stm32f7xx_hal_dma2d.o)
 .debug_ranges  0x0000000000000d98       0xb8 ./Build/libstm32f7.a(stm32f7xx_hal_ltdc.o)
 .debug_ranges  0x0000000000000e50      0x320 ./Build/libstm32f7.a(stm32f7xx_hal_rcc_ex.o)
 .debug_ranges  0x0000000000001170       0x58 ./Build/libstm32f7.a(stm32f7xx_hal_dma.o)
 .debug_ranges  0x00000000000011c8       0xa0 ./Build/libstm32f7.a(stm32f7xx_hal_sdram.o)
 .debug_ranges  0x0000000000001268       0xb8 ./Build/libstm32f7.a(stm32f7xx_ll_fmc.o)

.debug_line     0x0000000000000000     0x4f86
 .debug_line    0x0000000000000000      0x142 /tmp/cc10fym6.o
 .debug_line    0x0000000000000142       0xd1 /tmp/cc7w2OUe.o
 .debug_line    0x0000000000000213      0x392 /tmp/ccPXehXn.o
 .debug_line    0x00000000000005a5       0x7a /tmp/ccB1bu2w.o
 .debug_line    0x000000000000061f      0x140 /tmp/ccOZB8uG.o
 .debug_line    0x000000000000075f      0x551 ./Build/libstm32f7.a(stm32f7xx_hal_rcc.o)
 .debug_line    0x0000000000000cb0      0x2fc ./Build/libstm32f7.a(stm32f7xx_hal.o)
 .debug_line    0x0000000000000fac      0x352 ./Build/libstm32f7.a(stm32f7xx_hal_gpio.o)
 .debug_line    0x00000000000012fe      0x353 ./Build/libstm32f7.a(stm32f7xx_hal_cortex.o)
 .debug_line    0x0000000000001651      0x2c5 ./Build/libstm32f7.a(stm32f7xx_hal_pwr_ex.o)
 .debug_line    0x0000000000001916      0x351 ./Build/libstm32f7.a(stm32746g_discovery_sdram.o)
 .debug_line    0x0000000000001c67      0xa2b ./Build/libstm32f7.a(stm32746g_discovery_lcd.o)
 .debug_line    0x0000000000002692      0x4e1 ./Build/libstm32f7.a(stm32746g_discovery.o)
 .debug_line    0x0000000000002b73      0x2ba ./Build/libstm32f7.a(lcd_log.o)
 .debug_line    0x0000000000002e2d      0x2b9 ./Build/libstm32f7.a(syscalls.o)
 .debug_line    0x00000000000030e6      0x560 ./Build/libstm32f7.a(stm32f7xx_hal_dma2d.o)
 .debug_line    0x0000000000003646      0x772 ./Build/libstm32f7.a(stm32f7xx_hal_ltdc.o)
 .debug_line    0x0000000000003db8      0x5a2 ./Build/libstm32f7.a(stm32f7xx_hal_rcc_ex.o)
 .debug_line    0x000000000000435a      0x3ce ./Build/libstm32f7.a(stm32f7xx_hal_dma.o)
 .debug_line    0x0000000000004728      0x484 ./Build/libstm32f7.a(stm32f7xx_hal_sdram.o)
 .debug_line    0x0000000000004bac      0x3da ./Build/libstm32f7.a(stm32f7xx_ll_fmc.o)

.debug_str      0x0000000000000000     0x45ed
 .debug_str     0x0000000000000000      0x1c4 /tmp/cc10fym6.o
                                        0x205 (size before relaxing)
 .debug_str     0x00000000000001c4       0x26 /tmp/cc7w2OUe.o
                                        0x1a5 (size before relaxing)
 .debug_str     0x00000000000001ea      0x6fd /tmp/ccPXehXn.o
                                        0x8ba (size before relaxing)
 .debug_str     0x00000000000008e7       0x66 /tmp/ccOZB8uG.o
                                        0x44f (size before relaxing)
 .debug_str     0x000000000000094d      0x2d0 ./Build/libstm32f7.a(stm32f7xx_hal_rcc.o)
                                        0x6c2 (size before relaxing)
 .debug_str     0x0000000000000c1d      0x803 ./Build/libstm32f7.a(stm32f7xx_hal.o)
                                        0xb81 (size before relaxing)
 .debug_str     0x0000000000001420      0x126 ./Build/libstm32f7.a(stm32f7xx_hal_gpio.o)
                                        0x4ec (size before relaxing)
 .debug_str     0x0000000000001546      0x245 ./Build/libstm32f7.a(stm32f7xx_hal_cortex.o)
                                        0xd4c (size before relaxing)
 .debug_str     0x000000000000178b      0x1d6 ./Build/libstm32f7.a(stm32f7xx_hal_pwr_ex.o)
                                        0x647 (size before relaxing)
 .debug_str     0x0000000000001961      0x735 ./Build/libstm32f7.a(stm32746g_discovery_sdram.o)
                                       0x10ea (size before relaxing)
 .debug_str     0x0000000000002096      0xe42 ./Build/libstm32f7.a(stm32746g_discovery_lcd.o)
                                       0x13ee (size before relaxing)
 .debug_str     0x0000000000002ed8      0x817 ./Build/libstm32f7.a(stm32746g_discovery.o)
                                       0x151d (size before relaxing)
 .debug_str     0x00000000000036ef      0x172 ./Build/libstm32f7.a(lcd_log.o)
                                        0x4cd (size before relaxing)
 .debug_str     0x0000000000003861      0x265 ./Build/libstm32f7.a(syscalls.o)
                                        0x444 (size before relaxing)
 .debug_str     0x0000000000003ac6      0x1fa ./Build/libstm32f7.a(stm32f7xx_hal_dma2d.o)
                                        0x67a (size before relaxing)
 .debug_str     0x0000000000003cc0      0x12f ./Build/libstm32f7.a(stm32f7xx_hal_ltdc.o)
                                        0x766 (size before relaxing)
 .debug_str     0x0000000000003def       0xbf ./Build/libstm32f7.a(stm32f7xx_hal_rcc_ex.o)
                                        0x684 (size before relaxing)
 .debug_str     0x0000000000003eae      0x144 ./Build/libstm32f7.a(stm32f7xx_hal_dma.o)
                                        0x641 (size before relaxing)
 .debug_str     0x0000000000003ff2      0x244 ./Build/libstm32f7.a(stm32f7xx_hal_sdram.o)
                                        0xa32 (size before relaxing)
 .debug_str     0x0000000000004236      0x3b7 ./Build/libstm32f7.a(stm32f7xx_ll_fmc.o)
                                        0x88b (size before relaxing)

.comment        0x0000000000000000       0x6e
 .comment       0x0000000000000000       0x6e /tmp/cc10fym6.o
                                         0x6f (size before relaxing)
 .comment       0x000000000000006e       0x6f /tmp/cc7w2OUe.o
 .comment       0x000000000000006e       0x6f /tmp/ccPXehXn.o
 .comment       0x000000000000006e       0x6f /tmp/ccOZB8uG.o
 .comment       0x000000000000006e       0x6f ./Build/libstm32f7.a(stm32f7xx_hal_rcc.o)
 .comment       0x000000000000006e       0x6f ./Build/libstm32f7.a(stm32f7xx_hal.o)
 .comment       0x000000000000006e       0x6f ./Build/libstm32f7.a(stm32f7xx_hal_gpio.o)
 .comment       0x000000000000006e       0x6f ./Build/libstm32f7.a(stm32f7xx_hal_cortex.o)
 .comment       0x000000000000006e       0x6f ./Build/libstm32f7.a(stm32f7xx_hal_pwr_ex.o)
 .comment       0x000000000000006e       0x6f ./Build/libstm32f7.a(stm32746g_discovery_sdram.o)
 .comment       0x000000000000006e       0x6f ./Build/libstm32f7.a(stm32746g_discovery_lcd.o)
 .comment       0x000000000000006e       0x6f ./Build/libstm32f7.a(stm32746g_discovery.o)
 .comment       0x000000000000006e       0x6f ./Build/libstm32f7.a(lcd_log.o)
 .comment       0x000000000000006e       0x6f ./Build/libstm32f7.a(syscalls.o)
 .comment       0x000000000000006e       0x6f ./Build/libstm32f7.a(stm32f7xx_hal_dma2d.o)
 .comment       0x000000000000006e       0x6f ./Build/libstm32f7.a(stm32f7xx_hal_ltdc.o)
 .comment       0x000000000000006e       0x6f ./Build/libstm32f7.a(stm32f7xx_hal_rcc_ex.o)
 .comment       0x000000000000006e       0x6f ./Build/libstm32f7.a(stm32f7xx_hal_dma.o)
 .comment       0x000000000000006e       0x6f ./Build/libstm32f7.a(stm32f7xx_hal_sdram.o)
 .comment       0x000000000000006e       0x6f ./Build/libstm32f7.a(stm32f7xx_ll_fmc.o)

.debug_frame    0x0000000000000000     0x2c7c
 .debug_frame   0x0000000000000000       0xa0 /tmp/cc10fym6.o
 .debug_frame   0x00000000000000a0       0x30 /tmp/cc7w2OUe.o
 .debug_frame   0x00000000000000d0       0x68 /tmp/ccPXehXn.o
 .debug_frame   0x0000000000000138       0x30 /tmp/ccOZB8uG.o
 .debug_frame   0x0000000000000168       0x74 /usr/bin/../lib/gcc/arm-none-eabi/5.2.1/../../../../arm-none-eabi/lib/armv7e-m/libc.a(lib_a-printf.o)
 .debug_frame   0x00000000000001dc       0x88 /usr/bin/../lib/gcc/arm-none-eabi/5.2.1/../../../../arm-none-eabi/lib/armv7e-m/libc.a(lib_a-vfprintf.o)
 .debug_frame   0x0000000000000264       0x2c /usr/bin/../lib/gcc/arm-none-eabi/5.2.1/../../../../arm-none-eabi/lib/armv7e-m/libc.a(lib_a-wsetup.o)
 .debug_frame   0x0000000000000290       0x88 /usr/bin/../lib/gcc/arm-none-eabi/5.2.1/../../../../arm-none-eabi/lib/armv7e-m/libc.a(lib_a-dtoa.o)
 .debug_frame   0x0000000000000318       0x6c /usr/bin/../lib/gcc/arm-none-eabi/5.2.1/../../../../arm-none-eabi/lib/armv7e-m/libc.a(lib_a-fflush.o)
 .debug_frame   0x0000000000000384      0x124 /usr/bin/../lib/gcc/arm-none-eabi/5.2.1/../../../../arm-none-eabi/lib/armv7e-m/libc.a(lib_a-findfp.o)
 .debug_frame   0x00000000000004a8       0x74 /usr/bin/../lib/gcc/arm-none-eabi/5.2.1/../../../../arm-none-eabi/lib/armv7e-m/libc.a(lib_a-freer.o)
 .debug_frame   0x000000000000051c       0x54 /usr/bin/../lib/gcc/arm-none-eabi/5.2.1/../../../../arm-none-eabi/lib/armv7e-m/libc.a(lib_a-fwalk.o)
 .debug_frame   0x0000000000000570       0x9c /usr/bin/../lib/gcc/arm-none-eabi/5.2.1/../../../../arm-none-eabi/lib/armv7e-m/libc.a(lib_a-locale.o)
 .debug_frame   0x000000000000060c       0x48 /usr/bin/../lib/gcc/arm-none-eabi/5.2.1/../../../../arm-none-eabi/lib/armv7e-m/libc.a(lib_a-makebuf.o)
 .debug_frame   0x0000000000000654       0x58 /usr/bin/../lib/gcc/arm-none-eabi/5.2.1/../../../../arm-none-eabi/lib/armv7e-m/libc.a(lib_a-mallocr.o)
 .debug_frame   0x00000000000006ac       0x34 /usr/bin/../lib/gcc/arm-none-eabi/5.2.1/../../../../arm-none-eabi/lib/armv7e-m/libc.a(lib_a-memset.o)
 .debug_frame   0x00000000000006e0       0x30 /usr/bin/../lib/gcc/arm-none-eabi/5.2.1/../../../../arm-none-eabi/lib/armv7e-m/libc.a(lib_a-mlock.o)
 .debug_frame   0x0000000000000710      0x264 /usr/bin/../lib/gcc/arm-none-eabi/5.2.1/../../../../arm-none-eabi/lib/armv7e-m/libc.a(lib_a-mprec.o)
 .debug_frame   0x0000000000000974       0x34 /usr/bin/../lib/gcc/arm-none-eabi/5.2.1/../../../../arm-none-eabi/lib/armv7e-m/libc.a(lib_a-s_fpclassify.o)
 .debug_frame   0x00000000000009a8       0x2c /usr/bin/../lib/gcc/arm-none-eabi/5.2.1/../../../../arm-none-eabi/lib/armv7e-m/libc.a(lib_a-sbrkr.o)
 .debug_frame   0x00000000000009d4       0x88 /usr/bin/../lib/gcc/arm-none-eabi/5.2.1/../../../../arm-none-eabi/lib/armv7e-m/libc.a(lib_a-stdio.o)
 .debug_frame   0x0000000000000a5c       0xc8 /usr/bin/../lib/gcc/arm-none-eabi/5.2.1/../../../../arm-none-eabi/lib/armv7e-m/libc.a(lib_a-vfiprintf.o)
 .debug_frame   0x0000000000000b24       0x2c /usr/bin/../lib/gcc/arm-none-eabi/5.2.1/../../../../arm-none-eabi/lib/armv7e-m/libc.a(lib_a-writer.o)
 .debug_frame   0x0000000000000b50       0x28 /usr/bin/../lib/gcc/arm-none-eabi/5.2.1/../../../../arm-none-eabi/lib/armv7e-m/libc.a(lib_a-callocr.o)
 .debug_frame   0x0000000000000b78       0x2c /usr/bin/../lib/gcc/arm-none-eabi/5.2.1/../../../../arm-none-eabi/lib/armv7e-m/libc.a(lib_a-closer.o)
 .debug_frame   0x0000000000000ba4       0x44 /usr/bin/../lib/gcc/arm-none-eabi/5.2.1/../../../../arm-none-eabi/lib/armv7e-m/libc.a(lib_a-fclose.o)
 .debug_frame   0x0000000000000be8       0x88 /usr/bin/../lib/gcc/arm-none-eabi/5.2.1/../../../../arm-none-eabi/lib/armv7e-m/libc.a(lib_a-fputwc.o)
 .debug_frame   0x0000000000000c70       0x2c /usr/bin/../lib/gcc/arm-none-eabi/5.2.1/../../../../arm-none-eabi/lib/armv7e-m/libc.a(lib_a-fstatr.o)
 .debug_frame   0x0000000000000c9c       0x68 /usr/bin/../lib/gcc/arm-none-eabi/5.2.1/../../../../arm-none-eabi/lib/armv7e-m/libc.a(lib_a-fvwrite.o)
 .debug_frame   0x0000000000000d04       0x2c /usr/bin/../lib/gcc/arm-none-eabi/5.2.1/../../../../arm-none-eabi/lib/armv7e-m/libc.a(lib_a-isattyr.o)
 .debug_frame   0x0000000000000d30       0x2c /usr/bin/../lib/gcc/arm-none-eabi/5.2.1/../../../../arm-none-eabi/lib/armv7e-m/libc.a(lib_a-lseekr.o)
 .debug_frame   0x0000000000000d5c       0x30 /usr/bin/../lib/gcc/arm-none-eabi/5.2.1/../../../../arm-none-eabi/lib/armv7e-m/libc.a(lib_a-memmove.o)
 .debug_frame   0x0000000000000d8c       0x2c /usr/bin/../lib/gcc/arm-none-eabi/5.2.1/../../../../arm-none-eabi/lib/armv7e-m/libc.a(lib_a-readr.o)
 .debug_frame   0x0000000000000db8       0x60 /usr/bin/../lib/gcc/arm-none-eabi/5.2.1/../../../../arm-none-eabi/lib/armv7e-m/libc.a(lib_a-reallocr.o)
 .debug_frame   0x0000000000000e18       0x58 /usr/bin/../lib/gcc/arm-none-eabi/5.2.1/../../../../arm-none-eabi/lib/armv7e-m/libc.a(lib_a-reent.o)
 .debug_frame   0x0000000000000e70       0x40 /usr/bin/../lib/gcc/arm-none-eabi/5.2.1/../../../../arm-none-eabi/lib/armv7e-m/libc.a(lib_a-wbuf.o)
 .debug_frame   0x0000000000000eb0       0x60 /usr/bin/../lib/gcc/arm-none-eabi/5.2.1/../../../../arm-none-eabi/lib/armv7e-m/libc.a(lib_a-wcrtomb.o)
 .debug_frame   0x0000000000000f10       0x48 /usr/bin/../lib/gcc/arm-none-eabi/5.2.1/../../../../arm-none-eabi/lib/armv7e-m/libc.a(lib_a-wctomb_r.o)
 .debug_frame   0x0000000000000f58      0x158 ./Build/libstm32f7.a(stm32f7xx_hal_rcc.o)
 .debug_frame   0x00000000000010b0      0x1ac ./Build/libstm32f7.a(stm32f7xx_hal.o)
 .debug_frame   0x000000000000125c       0xdc ./Build/libstm32f7.a(stm32f7xx_hal_gpio.o)
 .debug_frame   0x0000000000001338      0x138 ./Build/libstm32f7.a(stm32f7xx_hal_cortex.o)
 .debug_frame   0x0000000000001470      0x140 ./Build/libstm32f7.a(stm32f7xx_hal_pwr_ex.o)
 .debug_frame   0x00000000000015b0      0x134 ./Build/libstm32f7.a(stm32746g_discovery_sdram.o)
 .debug_frame   0x00000000000016e4      0x564 ./Build/libstm32f7.a(stm32746g_discovery_lcd.o)
 .debug_frame   0x0000000000001c48      0x2e8 ./Build/libstm32f7.a(stm32746g_discovery.o)
 .debug_frame   0x0000000000001f30      0x104 ./Build/libstm32f7.a(lcd_log.o)
 .debug_frame   0x0000000000002034      0x1b8 ./Build/libstm32f7.a(syscalls.o)
 .debug_frame   0x00000000000021ec      0x210 ./Build/libstm32f7.a(stm32f7xx_hal_dma2d.o)
 .debug_frame   0x00000000000023fc      0x25c ./Build/libstm32f7.a(stm32f7xx_hal_ltdc.o)
 .debug_frame   0x0000000000002658       0x6c ./Build/libstm32f7.a(stm32f7xx_hal_rcc_ex.o)
 .debug_frame   0x00000000000026c4      0x120 ./Build/libstm32f7.a(stm32f7xx_hal_dma.o)
 .debug_frame   0x00000000000027e4      0x228 ./Build/libstm32f7.a(stm32f7xx_hal_sdram.o)
 .debug_frame   0x0000000000002a0c      0x1f0 ./Build/libstm32f7.a(stm32f7xx_ll_fmc.o)
 .debug_frame   0x0000000000002bfc       0x2c /usr/bin/../lib/gcc/arm-none-eabi/5.2.1/armv7e-m/libgcc.a(_aeabi_uldivmod.o)
 .debug_frame   0x0000000000002c28       0x34 /usr/bin/../lib/gcc/arm-none-eabi/5.2.1/armv7e-m/libgcc.a(_udivmoddi4.o)
 .debug_frame   0x0000000000002c5c       0x20 /usr/bin/../lib/gcc/arm-none-eabi/5.2.1/../../../../arm-none-eabi/lib/armv7e-m/libc.a(lib_a-errno.o)

.debug_loc      0x0000000000000000     0x7a69
 .debug_loc     0x0000000000000000       0xe9 /tmp/ccPXehXn.o
 .debug_loc     0x00000000000000e9       0xdb /tmp/ccOZB8uG.o
 .debug_loc     0x00000000000001c4      0x57e ./Build/libstm32f7.a(stm32f7xx_hal_rcc.o)
 .debug_loc     0x0000000000000742       0x5c ./Build/libstm32f7.a(stm32f7xx_hal.o)
 .debug_loc     0x000000000000079e      0x36c ./Build/libstm32f7.a(stm32f7xx_hal_gpio.o)
 .debug_loc     0x0000000000000b0a      0x4cd ./Build/libstm32f7.a(stm32f7xx_hal_cortex.o)
 .debug_loc     0x0000000000000fd7      0x1e8 ./Build/libstm32f7.a(stm32f7xx_hal_pwr_ex.o)
 .debug_loc     0x00000000000011bf      0x2f7 ./Build/libstm32f7.a(stm32746g_discovery_sdram.o)
 .debug_loc     0x00000000000014b6     0x1f5b ./Build/libstm32f7.a(stm32746g_discovery_lcd.o)
 .debug_loc     0x0000000000003411      0x8b0 ./Build/libstm32f7.a(stm32746g_discovery.o)
 .debug_loc     0x0000000000003cc1      0x1aa ./Build/libstm32f7.a(lcd_log.o)
 .debug_loc     0x0000000000003e6b      0x440 ./Build/libstm32f7.a(syscalls.o)
 .debug_loc     0x00000000000042ab      0xd1b ./Build/libstm32f7.a(stm32f7xx_hal_dma2d.o)
 .debug_loc     0x0000000000004fc6      0x9f1 ./Build/libstm32f7.a(stm32f7xx_hal_ltdc.o)
 .debug_loc     0x00000000000059b7      0x98b ./Build/libstm32f7.a(stm32f7xx_hal_rcc_ex.o)
 .debug_loc     0x0000000000006342      0x524 ./Build/libstm32f7.a(stm32f7xx_hal_dma.o)
 .debug_loc     0x0000000000006866      0x9b7 ./Build/libstm32f7.a(stm32f7xx_hal_sdram.o)
 .debug_loc     0x000000000000721d      0x84c ./Build/libstm32f7.a(stm32f7xx_ll_fmc.o)
